#
# There is insufficient memory for the Java Runtime Environment to continue.
# Native memory allocation (malloc) failed to allocate 2141056 bytes. Error detail: Chunk::new
# Possible reasons:
#   The system is out of physical RAM or swap space
#   This process is running with CompressedOops enabled, and the Java Heap may be blocking the growth of the native heap
# Possible solutions:
#   Reduce memory load on the system
#   Increase physical memory or swap space
#   Check if swap backing store is full
#   Decrease Java heap size (-Xmx/-Xms)
#   Decrease number of Java threads
#   Decrease Java thread stack sizes (-Xss)
#   Set larger code cache with -XX:ReservedCodeCacheSize=
#   JVM is running with Unscaled Compressed Oops mode in which the Java heap is
#     placed in the first 4GB address space. The Java Heap base address is the
#     maximum limit for the native heap growth. Please use -XX:HeapBaseMinAddress
#     to set the Java Heap base and to place the Java Heap above 4GB virtual address.
# This output file may be truncated or incomplete.
#
#  Out of Memory Error (arena.cpp:168), pid=6660, tid=13832
#
# JRE version: OpenJDK Runtime Environment Temurin-21.0.10+7 (21.0.10+7) (build 21.0.10+7-LTS)
# Java VM: OpenJDK 64-Bit Server VM Temurin-21.0.10+7 (21.0.10+7-LTS, mixed mode, sharing, tiered, compressed oops, compressed class ptrs, parallel gc, windows-amd64)
# No core dump will be written. Minidumps are not enabled by default on client versions of Windows
#

---------------  S U M M A R Y ------------

Command Line: --add-modules=ALL-SYSTEM --add-opens=java.base/java.util=ALL-UNNAMED --add-opens=java.base/java.lang=ALL-UNNAMED --add-opens=java.base/sun.nio.fs=ALL-UNNAMED -Declipse.application=org.eclipse.jdt.ls.core.id1 -Dosgi.bundles.defaultStartLevel=4 -Declipse.product=org.eclipse.jdt.ls.core.product -Djava.import.generatesMetadataFilesAtProjectRoot=false -DDetectVMInstallationsJob.disabled=true -Dfile.encoding=utf8 -XX:+UseParallelGC -XX:GCTimeRatio=4 -XX:AdaptiveSizePolicyWeight=90 -Dsun.zip.disableMemoryMapping=true -Xmx2G -Xms100m -Xlog:disable -javaagent:c:\Users\kirub\.vscode\extensions\redhat.java-1.54.0-win32-x64\lombok\lombok-1.18.39-4050.jar -XX:+HeapDumpOnOutOfMemoryError -XX:HeapDumpPath=c:\Users\kirub\AppData\Roaming\Code\User\workspaceStorage\4d099c443faa841707efa8929395cb8a\redhat.java -Daether.dependencyCollector.impl=bf c:\Users\kirub\.vscode\extensions\redhat.java-1.54.0-win32-x64\server\plugins\org.eclipse.equinox.launcher_1.7.100.v20251111-0406.jar -configuration c:\Users\kirub\AppData\Roaming\Code\User\globalStorage\redhat.java\1.54.0\config_win -data c:\Users\kirub\AppData\Roaming\Code\User\workspaceStorage\4d099c443faa841707efa8929395cb8a\redhat.java\jdt_ws --pipe=\\.\pipe\lsp-f29389094caad820988e078fa6a9938a-sock

Host: AMD Ryzen 5 5625U with Radeon Graphics         , 12 cores, 5G,  Windows 11 , 64 bit Build 26100 (10.0.26100.8246)
Time: Sat May  2 14:17:28 2026 E. Africa Standard Time elapsed time: 15.462956 seconds (0d 0h 0m 15s)

---------------  T H R E A D  ---------------

Current thread (0x00000256fd13f2d0):  JavaThread "C2 CompilerThread0" daemon [_thread_in_native, id=13832, stack(0x000000c939300000,0x000000c939400000) (1024K)]


Current CompileTask:
C2:15463 4973   !   4       org.eclipse.osgi.internal.loader.classpath.ClasspathManager::defineClass (636 bytes)

Stack: [0x000000c939300000,0x000000c939400000]
Native frames: (J=compiled Java code, j=interpreted, Vv=VM code, C=native code)
V  [jvm.dll+0x6d7a39]
V  [jvm.dll+0x8b4b26]
V  [jvm.dll+0x8b70de]
V  [jvm.dll+0x8b77c3]
V  [jvm.dll+0x284346]
V  [jvm.dll+0xc66ed]
V  [jvm.dll+0xc6c31]
V  [jvm.dll+0x3bec3b]
V  [jvm.dll+0x1e3f69]
V  [jvm.dll+0x24c6b3]
V  [jvm.dll+0x24bb40]
V  [jvm.dll+0x1cb34e]
V  [jvm.dll+0x25b85d]
V  [jvm.dll+0x259dea]
V  [jvm.dll+0x3f857e]
V  [jvm.dll+0x85f59d]
V  [jvm.dll+0x6d626d]
C  [ucrtbase.dll+0x37b0]
C  [KERNEL32.DLL+0x2e8d7]
C  [ntdll.dll+0x8c3fc]


---------------  P R O C E S S  ---------------

Threads class SMR info:
_java_thread_list=0x0000025684311910, length=41, elements={
0x00000256a427dac0, 0x00000256a4319400, 0x00000256bad1c620, 0x00000256a4325880,
0x00000256a4326560, 0x00000256a4328400, 0x00000256fd132d10, 0x00000256fd13f2d0,
0x00000256fd141300, 0x00000256fd3067b0, 0x00000256fd487d50, 0x00000256fe8a6e50,
0x00000256fe8fb190, 0x00000256fe6e71e0, 0x00000256fe6e7850, 0x00000256fed0f610,
0x00000256ff125f60, 0x00000256fede2e30, 0x00000256fee323b0, 0x00000256fee33df0,
0x00000256fee32a40, 0x00000256fee330d0, 0x00000256fee33760, 0x00000256feaa3620,
0x00000256fee34b10, 0x00000256fee31d20, 0x0000025684ceec20, 0x0000025684cecb50,
0x0000025684ced870, 0x0000025684ceb7a0, 0x0000025684cec4c0, 0x0000025684ced1e0,
0x0000025684cee590, 0x0000025684cedf00, 0x0000025684cef2b0, 0x0000025684cebe30,
0x0000025684cf1380, 0x0000025684cf0660, 0x0000025684cf1a10, 0x0000025684b94930,
0x0000025684cf0cf0
}

Java Threads: ( => current thread )
  0x00000256a427dac0 JavaThread "main"                              [_thread_in_vm, id=14884, stack(0x000000c938900000,0x000000c938a00000) (1024K)]
  0x00000256a4319400 JavaThread "Reference Handler"          daemon [_thread_blocked, id=5328, stack(0x000000c938d00000,0x000000c938e00000) (1024K)]
  0x00000256bad1c620 JavaThread "Finalizer"                  daemon [_thread_blocked, id=22940, stack(0x000000c938e00000,0x000000c938f00000) (1024K)]
  0x00000256a4325880 JavaThread "Signal Dispatcher"          daemon [_thread_blocked, id=5932, stack(0x000000c938f00000,0x000000c939000000) (1024K)]
  0x00000256a4326560 JavaThread "Attach Listener"            daemon [_thread_blocked, id=15056, stack(0x000000c939000000,0x000000c939100000) (1024K)]
  0x00000256a4328400 JavaThread "Service Thread"             daemon [_thread_blocked, id=24544, stack(0x000000c939100000,0x000000c939200000) (1024K)]
  0x00000256fd132d10 JavaThread "Monitor Deflation Thread"   daemon [_thread_blocked, id=8272, stack(0x000000c939200000,0x000000c939300000) (1024K)]
=>0x00000256fd13f2d0 JavaThread "C2 CompilerThread0"         daemon [_thread_in_native, id=13832, stack(0x000000c939300000,0x000000c939400000) (1024K)]
  0x00000256fd141300 JavaThread "C1 CompilerThread0"         daemon [_thread_in_native, id=13560, stack(0x000000c939400000,0x000000c939500000) (1024K)]
  0x00000256fd3067b0 JavaThread "Common-Cleaner"             daemon [_thread_blocked, id=24484, stack(0x000000c939500000,0x000000c939600000) (1024K)]
  0x00000256fd487d50 JavaThread "Notification Thread"        daemon [_thread_blocked, id=21528, stack(0x000000c939700000,0x000000c939800000) (1024K)]
  0x00000256fe8a6e50 JavaThread "Active Thread: Equinox Container: 124d2182-d37b-4592-9a5e-b488a2e50ffd"        [_thread_blocked, id=20460, stack(0x000000c939e00000,0x000000c939f00000) (1024K)]
  0x00000256fe8fb190 JavaThread "Refresh Thread: Equinox Container: 124d2182-d37b-4592-9a5e-b488a2e50ffd" daemon [_thread_blocked, id=132, stack(0x000000c93a000000,0x000000c93a100000) (1024K)]
  0x00000256fe6e71e0 JavaThread "Framework Event Dispatcher: Equinox Container: 124d2182-d37b-4592-9a5e-b488a2e50ffd" daemon [_thread_blocked, id=15092, stack(0x000000c93a100000,0x000000c93a200000) (1024K)]
  0x00000256fe6e7850 JavaThread "Start Level: Equinox Container: 124d2182-d37b-4592-9a5e-b488a2e50ffd" daemon [_thread_blocked, id=21764, stack(0x000000c93a200000,0x000000c93a300000) (1024K)]
  0x00000256fed0f610 JavaThread "Bundle File Closer"         daemon [_thread_blocked, id=10976, stack(0x000000c93a500000,0x000000c93a600000) (1024K)]
  0x00000256ff125f60 JavaThread "SCR Component Actor"        daemon [_thread_blocked, id=2704, stack(0x000000c939600000,0x000000c939700000) (1024K)]
  0x00000256fede2e30 JavaThread "Worker-JM"                         [_thread_blocked, id=18328, stack(0x000000c93a600000,0x000000c93a700000) (1024K)]
  0x00000256fee323b0 JavaThread "JNA Cleaner"                daemon [_thread_blocked, id=24308, stack(0x000000c93a700000,0x000000c93a800000) (1024K)]
  0x00000256fee33df0 JavaThread "Worker-0: Repository registry initialization"        [_thread_in_Java, id=23396, stack(0x000000c93a800000,0x000000c93a900000) (1024K)]
  0x00000256fee32a40 JavaThread "Worker-1: Initialize After Load"        [_thread_in_vm, id=6172, stack(0x000000c93a900000,0x000000c93aa00000) (1024K)]
  0x00000256fee330d0 JavaThread "Worker-2"                          [_thread_blocked, id=7376, stack(0x000000c93aa00000,0x000000c93ab00000) (1024K)]
  0x00000256fee33760 JavaThread "Java indexing"              daemon [_thread_blocked, id=18400, stack(0x000000c93ad00000,0x000000c93ae00000) (1024K)]
  0x00000256feaa3620 JavaThread "C2 CompilerThread1"         daemon [_thread_in_native, id=16536, stack(0x000000c93ae00000,0x000000c93af00000) (1024K)]
  0x00000256fee34b10 JavaThread "Worker-3"                          [_thread_blocked, id=9428, stack(0x000000c93af00000,0x000000c93b000000) (1024K)]
  0x00000256fee31d20 JavaThread "Worker-4"                          [_thread_blocked, id=9388, stack(0x000000c93b000000,0x000000c93b100000) (1024K)]
  0x0000025684ceec20 JavaThread "Thread-1"                   daemon [_thread_in_native, id=22256, stack(0x000000c93b100000,0x000000c93b200000) (1024K)]
  0x0000025684cecb50 JavaThread "Thread-2"                   daemon [_thread_in_native, id=18468, stack(0x000000c93b200000,0x000000c93b300000) (1024K)]
  0x0000025684ced870 JavaThread "Thread-3"                   daemon [_thread_in_native, id=14520, stack(0x000000c93b300000,0x000000c93b400000) (1024K)]
  0x0000025684ceb7a0 JavaThread "Thread-4"                   daemon [_thread_in_native, id=19644, stack(0x000000c93b400000,0x000000c93b500000) (1024K)]
  0x0000025684cec4c0 JavaThread "Thread-5"                   daemon [_thread_in_native, id=15512, stack(0x000000c93b500000,0x000000c93b600000) (1024K)]
  0x0000025684ced1e0 JavaThread "Thread-6"                   daemon [_thread_in_native, id=15900, stack(0x000000c93b600000,0x000000c93b700000) (1024K)]
  0x0000025684cee590 JavaThread "Thread-7"                   daemon [_thread_in_native, id=8444, stack(0x000000c93b700000,0x000000c93b800000) (1024K)]
  0x0000025684cedf00 JavaThread "Thread-8"                   daemon [_thread_in_native, id=19488, stack(0x000000c93b800000,0x000000c93b900000) (1024K)]
  0x0000025684cef2b0 JavaThread "Thread-9"                   daemon [_thread_in_native, id=2040, stack(0x000000c93b900000,0x000000c93ba00000) (1024K)]
  0x0000025684cebe30 JavaThread "Thread-10"                  daemon [_thread_in_native, id=4828, stack(0x000000c93ba00000,0x000000c93bb00000) (1024K)]
  0x0000025684cf1380 JavaThread "Thread-11"                  daemon [_thread_in_native, id=21944, stack(0x000000c93bb00000,0x000000c93bc00000) (1024K)]
  0x0000025684cf0660 JavaThread "Thread-12"                  daemon [_thread_in_native, id=21036, stack(0x000000c93bc00000,0x000000c93bd00000) (1024K)]
  0x0000025684cf1a10 JavaThread "Thread-13"                  daemon [_thread_in_native, id=14064, stack(0x000000c93bd00000,0x000000c93be00000) (1024K)]
  0x0000025684b94930 JavaThread "C2 CompilerThread2"         daemon [_thread_in_native, id=7124, stack(0x000000c93be00000,0x000000c93bf00000) (1024K)]
  0x0000025684cf0cf0 JavaThread "pool-2-thread-1"                   [_thread_blocked, id=3472, stack(0x000000c93bf00000,0x000000c93c000000) (1024K)]
Total: 41

Other Threads:
  0x00000256bad04540 VMThread "VM Thread"                           [id=24260, stack(0x000000c938c00000,0x000000c938d00000) (1024K)]
  0x00000256babfca00 WatcherThread "VM Periodic Task Thread"        [id=3324, stack(0x000000c938b00000,0x000000c938c00000) (1024K)]
  0x00000256a42953b0 WorkerThread "GC Thread#0"                     [id=20676, stack(0x000000c938a00000,0x000000c938b00000) (1024K)]
  0x00000256fe6c3510 WorkerThread "GC Thread#1"                     [id=16748, stack(0x000000c939800000,0x000000c939900000) (1024K)]
  0x00000256fe6c38c0 WorkerThread "GC Thread#2"                     [id=5400, stack(0x000000c939900000,0x000000c939a00000) (1024K)]
  0x00000256fe6c3c70 WorkerThread "GC Thread#3"                     [id=8540, stack(0x000000c939a00000,0x000000c939b00000) (1024K)]
  0x00000256fe51c340 WorkerThread "GC Thread#4"                     [id=8752, stack(0x000000c939b00000,0x000000c939c00000) (1024K)]
  0x00000256fe51c6f0 WorkerThread "GC Thread#5"                     [id=16684, stack(0x000000c939c00000,0x000000c939d00000) (1024K)]
  0x00000256fe51caa0 WorkerThread "GC Thread#6"                     [id=8492, stack(0x000000c939d00000,0x000000c939e00000) (1024K)]
  0x00000256fe8747d0 WorkerThread "GC Thread#7"                     [id=21728, stack(0x000000c939f00000,0x000000c93a000000) (1024K)]
  0x00000256fed0eeb0 WorkerThread "GC Thread#8"                     [id=24564, stack(0x000000c93a300000,0x000000c93a400000) (1024K)]
  0x00000256fed0f260 WorkerThread "GC Thread#9"                     [id=24180, stack(0x000000c93a400000,0x000000c93a500000) (1024K)]
Total: 12

Threads with active compile tasks:
C2 CompilerThread0  16524 4973   !   4       org.eclipse.osgi.internal.loader.classpath.ClasspathManager::defineClass (636 bytes)
C1 CompilerThread0  16524 5397       3       com.google.inject.internal.Scoping::makeInjectable (45 bytes)
C2 CompilerThread1  16524 5175   !   4       org.eclipse.osgi.internal.loader.BundleLoader::findClass0 (490 bytes)
C2 CompilerThread2  16524 5342       4       jdk.internal.org.objectweb.asm.Frame::execute (2305 bytes)
Total: 4

VM state: not at safepoint (normal execution)

VM Mutex/Monitor currently owned by a thread: None

Heap address: 0x0000000080000000, size: 2048 MB, Compressed Oops mode: 32-bit

CDS archive(s) mapped at: [0x00000256bb000000-0x00000256bbba0000-0x00000256bbba0000), size 12189696, SharedBaseAddress: 0x00000256bb000000, ArchiveRelocationMode: 1.
Compressed class space mapped at: 0x00000256bc000000-0x00000256fc000000, reserved size: 1073741824
Narrow klass base: 0x00000256bb000000, Narrow klass shift: 0, Narrow klass range: 0x100000000

GC Precious Log:
 CardTable entry size: 512
 CPUs: 12 total, 12 available
 Memory: 5989M
 Large Page Support: Disabled
 NUMA Support: Disabled
 Compressed Oops: Enabled (32-bit)
 Alignments: Space 512K, Generation 512K, Heap 2M
 Heap Min Capacity: 100M
 Heap Initial Capacity: 100M
 Heap Max Capacity: 2G
 Pre-touch: Disabled
 Parallel Workers: 10

Heap:
 PSYoungGen      total 24064K, used 10477K [0x00000000d5580000, 0x00000000d7100000, 0x0000000100000000)
  eden space 22016K, 40% used [0x00000000d5580000,0x00000000d5e2d118,0x00000000d6b00000)
  from space 2048K, 79% used [0x00000000d6e00000,0x00000000d6f94cc8,0x00000000d7000000)
  to   space 1024K, 0% used [0x00000000d7000000,0x00000000d7000000,0x00000000d7100000)
 ParOldGen       total 68608K, used 20151K [0x0000000080000000, 0x0000000084300000, 0x00000000d5580000)
  object space 68608K, 29% used [0x0000000080000000,0x00000000813ade88,0x0000000084300000)
 Metaspace       used 40745K, committed 41920K, reserved 1114112K
  class space    used 4388K, committed 4864K, reserved 1048576K

Card table byte_map: [0x00000256a3c40000,0x00000256a4050000] _byte_map_base: 0x00000256a3840000

Marking Bits: (ParMarkBitMap*) 0x00007ffe942d3450
 Begin Bits: [0x00000256b6720000, 0x00000256b8720000)
 End Bits:   [0x00000256b8720000, 0x00000256ba720000)

Polling page: 0x00000256a3a30000

Metaspace:

Usage:
  Non-class:     35.51 MB used.
      Class:      4.29 MB used.
       Both:     39.79 MB used.

Virtual space:
  Non-class space:       64.00 MB reserved,      36.19 MB ( 57%) committed,  1 nodes.
      Class space:        1.00 GB reserved,       4.75 MB ( <1%) committed,  1 nodes.
             Both:        1.06 GB reserved,      40.94 MB (  4%) committed. 

Chunk freelists:
   Non-Class:  11.70 MB
       Class:  11.13 MB
        Both:  22.83 MB

MaxMetaspaceSize: unlimited
CompressedClassSpaceSize: 1.00 GB
Initial GC threshold: 21.00 MB
Current GC threshold: 58.38 MB
CDS: on
 - commit_granule_bytes: 65536.
 - commit_granule_words: 8192.
 - virtual_space_node_default_size: 8388608.
 - enlarge_chunks_in_place: 1.
 - use_allocation_guard: 0.


Internal statistics:

num_allocs_failed_limit: 6.
num_arena_births: 932.
num_arena_deaths: 14.
num_vsnodes_births: 2.
num_vsnodes_deaths: 0.
num_space_committed: 655.
num_space_uncommitted: 0.
num_chunks_returned_to_freelist: 20.
num_chunks_taken_from_freelist: 2849.
num_chunk_merges: 8.
num_chunk_splits: 1719.
num_chunks_enlarged: 899.
num_inconsistent_stats: 0.

CodeHeap 'non-profiled nmethods': size=120000Kb used=2561Kb max_used=2742Kb free=117438Kb
 bounds [0x00000256aef40000, 0x00000256af1f0000, 0x00000256b6470000]
CodeHeap 'profiled nmethods': size=120000Kb used=9908Kb max_used=10253Kb free=110091Kb
 bounds [0x00000256a7470000, 0x00000256a7e90000, 0x00000256ae9a0000]
CodeHeap 'non-nmethods': size=5760Kb used=1355Kb max_used=1389Kb free=4404Kb
 bounds [0x00000256ae9a0000, 0x00000256aec10000, 0x00000256aef40000]
CodeCache: size=245760Kb, used=13824Kb, max_used=14384Kb, free=231933Kb
 total_blobs=5487, nmethods=4833, adapters=559, full_count=0
Compilation: enabled, stopped_count=0, restarted_count=0

Compilation events (20 events):
Event: 14.411 Thread 0x00000256fd141300 nmethod 5254 0x00000256a7843a10 code [0x00000256a7843de0, 0x00000256a78454f0]
Event: 14.411 Thread 0x00000256fd141300 5297       3       com.google.common.collect.ObjectArrays::checkElementNotNull (33 bytes)
Event: 14.411 Thread 0x00000256fd141300 nmethod 5297 0x00000256a7843390 code [0x00000256a7843580, 0x00000256a7843888]
Event: 14.411 Thread 0x00000256fd141300 5256       3       org.eclipse.jdt.internal.launching.environments.ExecutionEnvironment::getId (12 bytes)
Event: 14.412 Thread 0x00000256fd141300 nmethod 5256 0x00000256a7524710 code [0x00000256a7524900, 0x00000256a7525020]
Event: 14.444 Thread 0x00000256fd141300 5298       3       com.sun.org.apache.xerces.internal.parsers.XML11Configuration::addRecognizedParamsAndSetDefaults (173 bytes)
Event: 14.445 Thread 0x00000256fd141300 nmethod 5298 0x00000256a7522d10 code [0x00000256a7522fe0, 0x00000256a7524130]
Event: 14.445 Thread 0x00000256fd141300 5302   !   3       com.sun.org.apache.xerces.internal.parsers.XML11Configuration::setProperty (160 bytes)
Event: 14.446 Thread 0x00000256fd141300 nmethod 5302 0x00000256a7764f10 code [0x00000256a7765220, 0x00000256a7766528]
Event: 14.446 Thread 0x00000256fd141300 5299       3       com.sun.org.apache.xerces.internal.impl.XMLDocumentScannerImpl::setProperty (86 bytes)
Event: 14.447 Thread 0x00000256fd141300 nmethod 5299 0x00000256a7521690 code [0x00000256a7521960, 0x00000256a7522808]
Event: 14.447 Thread 0x00000256fd141300 5300       3       com.sun.org.apache.xerces.internal.impl.XMLDocumentFragmentScannerImpl::setProperty (164 bytes)
Event: 14.448 Thread 0x00000256fd141300 nmethod 5300 0x00000256a7762a90 code [0x00000256a7762e20, 0x00000256a7764558]
Event: 14.448 Thread 0x00000256fd141300 5301       3       com.sun.org.apache.xerces.internal.impl.dtd.XMLDTDValidator::setProperty (1 bytes)
Event: 14.448 Thread 0x00000256fd141300 nmethod 5301 0x00000256a747bd90 code [0x00000256a747bf20, 0x00000256a747c028]
Event: 14.448 Thread 0x00000256fd141300 5303       3       com.sun.org.apache.xerces.internal.impl.dtd.XMLDTDProcessor::setProperty (1 bytes)
Event: 14.448 Thread 0x00000256fd141300 nmethod 5303 0x00000256a74b8790 code [0x00000256a74b8920, 0x00000256a74b8a28]
Event: 14.448 Thread 0x00000256fd141300 5304       1       com.sun.org.apache.xerces.internal.impl.XMLEntityManager::getEntityStore (5 bytes)
Event: 14.448 Thread 0x00000256fd141300 nmethod 5304 0x00000256aefb1810 code [0x00000256aefb19a0, 0x00000256aefb1a68]
Event: 14.456 Thread 0x0000025684b94930 nmethod 5274 0x00000256aefc4e90 code [0x00000256aefc5160, 0x00000256aefc7150]

GC Heap History (20 events):
Event: 5.755 GC heap before
{Heap before GC invocations=8 (full 1):
 PSYoungGen      total 29184K, used 4576K [0x00000000d5580000, 0x00000000d7780000, 0x0000000100000000)
  eden space 24576K, 0% used [0x00000000d5580000,0x00000000d5580000,0x00000000d6d80000)
  from space 4608K, 99% used [0x00000000d6e80000,0x00000000d72f8368,0x00000000d7300000)
  to   space 4608K, 0% used [0x00000000d7300000,0x00000000d7300000,0x00000000d7780000)
 ParOldGen       total 68608K, used 9634K [0x0000000080000000, 0x0000000084300000, 0x00000000d5580000)
  object space 68608K, 14% used [0x0000000080000000,0x0000000080968bc0,0x0000000084300000)
 Metaspace       used 20637K, committed 21504K, reserved 1114112K
  class space    used 2211K, committed 2560K, reserved 1048576K
}
Event: 5.790 GC heap after
{Heap after GC invocations=8 (full 1):
 PSYoungGen      total 29184K, used 0K [0x00000000d5580000, 0x00000000d7780000, 0x0000000100000000)
  eden space 24576K, 0% used [0x00000000d5580000,0x00000000d5580000,0x00000000d6d80000)
  from space 4608K, 0% used [0x00000000d6e80000,0x00000000d6e80000,0x00000000d7300000)
  to   space 4608K, 0% used [0x00000000d7300000,0x00000000d7300000,0x00000000d7780000)
 ParOldGen       total 68608K, used 13471K [0x0000000080000000, 0x0000000084300000, 0x00000000d5580000)
  object space 68608K, 19% used [0x0000000080000000,0x0000000080d27f18,0x0000000084300000)
 Metaspace       used 20625K, committed 21504K, reserved 1114112K
  class space    used 2208K, committed 2560K, reserved 1048576K
}
Event: 7.569 GC heap before
{Heap before GC invocations=9 (full 1):
 PSYoungGen      total 29184K, used 24576K [0x00000000d5580000, 0x00000000d7780000, 0x0000000100000000)
  eden space 24576K, 100% used [0x00000000d5580000,0x00000000d6d80000,0x00000000d6d80000)
  from space 4608K, 0% used [0x00000000d6e80000,0x00000000d6e80000,0x00000000d7300000)
  to   space 4608K, 0% used [0x00000000d7300000,0x00000000d7300000,0x00000000d7780000)
 ParOldGen       total 68608K, used 13471K [0x0000000080000000, 0x0000000084300000, 0x00000000d5580000)
  object space 68608K, 19% used [0x0000000080000000,0x0000000080d27f18,0x0000000084300000)
 Metaspace       used 22774K, committed 23680K, reserved 1114112K
  class space    used 2415K, committed 2752K, reserved 1048576K
}
Event: 7.571 GC heap after
{Heap after GC invocations=9 (full 1):
 PSYoungGen      total 26624K, used 2357K [0x00000000d5580000, 0x00000000d7580000, 0x0000000100000000)
  eden space 24064K, 0% used [0x00000000d5580000,0x00000000d5580000,0x00000000d6d00000)
  from space 2560K, 92% used [0x00000000d7300000,0x00000000d754d760,0x00000000d7580000)
  to   space 3584K, 0% used [0x00000000d6e80000,0x00000000d6e80000,0x00000000d7200000)
 ParOldGen       total 68608K, used 13479K [0x0000000080000000, 0x0000000084300000, 0x00000000d5580000)
  object space 68608K, 19% used [0x0000000080000000,0x0000000080d29f18,0x0000000084300000)
 Metaspace       used 22774K, committed 23680K, reserved 1114112K
  class space    used 2415K, committed 2752K, reserved 1048576K
}
Event: 9.196 GC heap before
{Heap before GC invocations=10 (full 1):
 PSYoungGen      total 26624K, used 26421K [0x00000000d5580000, 0x00000000d7580000, 0x0000000100000000)
  eden space 24064K, 100% used [0x00000000d5580000,0x00000000d6d00000,0x00000000d6d00000)
  from space 2560K, 92% used [0x00000000d7300000,0x00000000d754d760,0x00000000d7580000)
  to   space 3584K, 0% used [0x00000000d6e80000,0x00000000d6e80000,0x00000000d7200000)
 ParOldGen       total 68608K, used 13479K [0x0000000080000000, 0x0000000084300000, 0x00000000d5580000)
  object space 68608K, 19% used [0x0000000080000000,0x0000000080d29f18,0x0000000084300000)
 Metaspace       used 26306K, committed 27264K, reserved 1114112K
  class space    used 2743K, committed 3136K, reserved 1048576K
}
Event: 9.197 GC heap after
{Heap after GC invocations=10 (full 1):
 PSYoungGen      total 25088K, used 1510K [0x00000000d5580000, 0x00000000d7380000, 0x0000000100000000)
  eden space 23552K, 0% used [0x00000000d5580000,0x00000000d5580000,0x00000000d6c80000)
  from space 1536K, 98% used [0x00000000d6e80000,0x00000000d6ff9920,0x00000000d7000000)
  to   space 2048K, 0% used [0x00000000d7180000,0x00000000d7180000,0x00000000d7380000)
 ParOldGen       total 68608K, used 13479K [0x0000000080000000, 0x0000000084300000, 0x00000000d5580000)
  object space 68608K, 19% used [0x0000000080000000,0x0000000080d29f18,0x0000000084300000)
 Metaspace       used 26306K, committed 27264K, reserved 1114112K
  class space    used 2743K, committed 3136K, reserved 1048576K
}
Event: 11.256 GC heap before
{Heap before GC invocations=11 (full 1):
 PSYoungGen      total 25088K, used 24667K [0x00000000d5580000, 0x00000000d7380000, 0x0000000100000000)
  eden space 23552K, 98% used [0x00000000d5580000,0x00000000d6c1d518,0x00000000d6c80000)
  from space 1536K, 98% used [0x00000000d6e80000,0x00000000d6ff9920,0x00000000d7000000)
  to   space 2048K, 0% used [0x00000000d7180000,0x00000000d7180000,0x00000000d7380000)
 ParOldGen       total 68608K, used 13479K [0x0000000080000000, 0x0000000084300000, 0x00000000d5580000)
  object space 68608K, 19% used [0x0000000080000000,0x0000000080d29f18,0x0000000084300000)
 Metaspace       used 29116K, committed 30080K, reserved 1114112K
  class space    used 3039K, committed 3456K, reserved 1048576K
}
Event: 11.257 GC heap after
{Heap after GC invocations=11 (full 1):
 PSYoungGen      total 24576K, used 1102K [0x00000000d5580000, 0x00000000d7300000, 0x0000000100000000)
  eden space 23040K, 0% used [0x00000000d5580000,0x00000000d5580000,0x00000000d6c00000)
  from space 1536K, 71% used [0x00000000d7180000,0x00000000d7293890,0x00000000d7300000)
  to   space 1536K, 0% used [0x00000000d7000000,0x00000000d7000000,0x00000000d7180000)
 ParOldGen       total 68608K, used 14345K [0x0000000080000000, 0x0000000084300000, 0x00000000d5580000)
  object space 68608K, 20% used [0x0000000080000000,0x0000000080e02708,0x0000000084300000)
 Metaspace       used 29116K, committed 30080K, reserved 1114112K
  class space    used 3039K, committed 3456K, reserved 1048576K
}
Event: 11.599 GC heap before
{Heap before GC invocations=12 (full 1):
 PSYoungGen      total 24576K, used 24142K [0x00000000d5580000, 0x00000000d7300000, 0x0000000100000000)
  eden space 23040K, 100% used [0x00000000d5580000,0x00000000d6c00000,0x00000000d6c00000)
  from space 1536K, 71% used [0x00000000d7180000,0x00000000d7293890,0x00000000d7300000)
  to   space 1536K, 0% used [0x00000000d7000000,0x00000000d7000000,0x00000000d7180000)
 ParOldGen       total 68608K, used 14345K [0x0000000080000000, 0x0000000084300000, 0x00000000d5580000)
  object space 68608K, 20% used [0x0000000080000000,0x0000000080e02708,0x0000000084300000)
 Metaspace       used 29940K, committed 30976K, reserved 1114112K
  class space    used 3111K, committed 3520K, reserved 1048576K
}
Event: 11.602 GC heap after
{Heap after GC invocations=12 (full 1):
 PSYoungGen      total 24064K, used 1518K [0x00000000d5580000, 0x00000000d7380000, 0x0000000100000000)
  eden space 22528K, 0% used [0x00000000d5580000,0x00000000d5580000,0x00000000d6b80000)
  from space 1536K, 98% used [0x00000000d7000000,0x00000000d717bbf8,0x00000000d7180000)
  to   space 2048K, 0% used [0x00000000d7180000,0x00000000d7180000,0x00000000d7380000)
 ParOldGen       total 68608K, used 16136K [0x0000000080000000, 0x0000000084300000, 0x00000000d5580000)
  object space 68608K, 23% used [0x0000000080000000,0x0000000080fc22c0,0x0000000084300000)
 Metaspace       used 29940K, committed 30976K, reserved 1114112K
  class space    used 3111K, committed 3520K, reserved 1048576K
}
Event: 12.200 GC heap before
{Heap before GC invocations=13 (full 1):
 PSYoungGen      total 24064K, used 24046K [0x00000000d5580000, 0x00000000d7380000, 0x0000000100000000)
  eden space 22528K, 100% used [0x00000000d5580000,0x00000000d6b80000,0x00000000d6b80000)
  from space 1536K, 98% used [0x00000000d7000000,0x00000000d717bbf8,0x00000000d7180000)
  to   space 2048K, 0% used [0x00000000d7180000,0x00000000d7180000,0x00000000d7380000)
 ParOldGen       total 68608K, used 16136K [0x0000000080000000, 0x0000000084300000, 0x00000000d5580000)
  object space 68608K, 23% used [0x0000000080000000,0x0000000080fc22c0,0x0000000084300000)
 Metaspace       used 32016K, committed 33024K, reserved 1114112K
  class space    used 3326K, committed 3712K, reserved 1048576K
}
Event: 12.203 GC heap after
{Heap after GC invocations=13 (full 1):
 PSYoungGen      total 23552K, used 1480K [0x00000000d5580000, 0x00000000d7300000, 0x0000000100000000)
  eden space 22016K, 0% used [0x00000000d5580000,0x00000000d5580000,0x00000000d6b00000)
  from space 1536K, 96% used [0x00000000d7180000,0x00000000d72f23e8,0x00000000d7300000)
  to   space 2560K, 0% used [0x00000000d6e00000,0x00000000d6e00000,0x00000000d7080000)
 ParOldGen       total 68608K, used 17398K [0x0000000080000000, 0x0000000084300000, 0x00000000d5580000)
  object space 68608K, 25% used [0x0000000080000000,0x00000000810fd810,0x0000000084300000)
 Metaspace       used 32016K, committed 33024K, reserved 1114112K
  class space    used 3326K, committed 3712K, reserved 1048576K
}
Event: 13.147 GC heap before
{Heap before GC invocations=14 (full 1):
 PSYoungGen      total 23552K, used 21502K [0x00000000d5580000, 0x00000000d7300000, 0x0000000100000000)
  eden space 22016K, 90% used [0x00000000d5580000,0x00000000d690d588,0x00000000d6b00000)
  from space 1536K, 96% used [0x00000000d7180000,0x00000000d72f23e8,0x00000000d7300000)
  to   space 2560K, 0% used [0x00000000d6e00000,0x00000000d6e00000,0x00000000d7080000)
 ParOldGen       total 68608K, used 17398K [0x0000000080000000, 0x0000000084300000, 0x00000000d5580000)
  object space 68608K, 25% used [0x0000000080000000,0x00000000810fd810,0x0000000084300000)
 Metaspace       used 34776K, committed 35840K, reserved 1114112K
  class space    used 3646K, committed 4096K, reserved 1048576K
}
Event: 13.149 GC heap after
{Heap after GC invocations=14 (full 1):
 PSYoungGen      total 24576K, used 1101K [0x00000000d5580000, 0x00000000d7200000, 0x0000000100000000)
  eden space 22016K, 0% used [0x00000000d5580000,0x00000000d5580000,0x00000000d6b00000)
  from space 2560K, 43% used [0x00000000d6e00000,0x00000000d6f13460,0x00000000d7080000)
  to   space 1536K, 0% used [0x00000000d7080000,0x00000000d7080000,0x00000000d7200000)
 ParOldGen       total 68608K, used 18676K [0x0000000080000000, 0x0000000084300000, 0x00000000d5580000)
  object space 68608K, 27% used [0x0000000080000000,0x000000008123d1c0,0x0000000084300000)
 Metaspace       used 34776K, committed 35840K, reserved 1114112K
  class space    used 3646K, committed 4096K, reserved 1048576K
}
Event: 13.149 GC heap before
{Heap before GC invocations=15 (full 2):
 PSYoungGen      total 24576K, used 1101K [0x00000000d5580000, 0x00000000d7200000, 0x0000000100000000)
  eden space 22016K, 0% used [0x00000000d5580000,0x00000000d5580000,0x00000000d6b00000)
  from space 2560K, 43% used [0x00000000d6e00000,0x00000000d6f13460,0x00000000d7080000)
  to   space 1536K, 0% used [0x00000000d7080000,0x00000000d7080000,0x00000000d7200000)
 ParOldGen       total 68608K, used 18676K [0x0000000080000000, 0x0000000084300000, 0x00000000d5580000)
  object space 68608K, 27% used [0x0000000080000000,0x000000008123d1c0,0x0000000084300000)
 Metaspace       used 34776K, committed 35840K, reserved 1114112K
  class space    used 3646K, committed 4096K, reserved 1048576K
}
Event: 13.188 GC heap after
{Heap after GC invocations=15 (full 2):
 PSYoungGen      total 24576K, used 0K [0x00000000d5580000, 0x00000000d7200000, 0x0000000100000000)
  eden space 22016K, 0% used [0x00000000d5580000,0x00000000d5580000,0x00000000d6b00000)
  from space 2560K, 0% used [0x00000000d6e00000,0x00000000d6e00000,0x00000000d7080000)
  to   space 1536K, 0% used [0x00000000d7080000,0x00000000d7080000,0x00000000d7200000)
 ParOldGen       total 68608K, used 18837K [0x0000000080000000, 0x0000000084300000, 0x00000000d5580000)
  object space 68608K, 27% used [0x0000000080000000,0x00000000812657d0,0x0000000084300000)
 Metaspace       used 34776K, committed 35840K, reserved 1114112K
  class space    used 3646K, committed 4096K, reserved 1048576K
}
Event: 13.997 GC heap before
{Heap before GC invocations=16 (full 2):
 PSYoungGen      total 24576K, used 22016K [0x00000000d5580000, 0x00000000d7200000, 0x0000000100000000)
  eden space 22016K, 100% used [0x00000000d5580000,0x00000000d6b00000,0x00000000d6b00000)
  from space 2560K, 0% used [0x00000000d6e00000,0x00000000d6e00000,0x00000000d7080000)
  to   space 1536K, 0% used [0x00000000d7080000,0x00000000d7080000,0x00000000d7200000)
 ParOldGen       total 68608K, used 18837K [0x0000000080000000, 0x0000000084300000, 0x00000000d5580000)
  object space 68608K, 27% used [0x0000000080000000,0x00000000812657d0,0x0000000084300000)
 Metaspace       used 37219K, committed 38336K, reserved 1114112K
  class space    used 3958K, committed 4416K, reserved 1048576K
}
Event: 13.998 GC heap after
{Heap after GC invocations=16 (full 2):
 PSYoungGen      total 23552K, used 1485K [0x00000000d5580000, 0x00000000d7200000, 0x0000000100000000)
  eden space 22016K, 0% used [0x00000000d5580000,0x00000000d5580000,0x00000000d6b00000)
  from space 1536K, 96% used [0x00000000d7080000,0x00000000d71f3520,0x00000000d7200000)
  to   space 2048K, 0% used [0x00000000d6e00000,0x00000000d6e00000,0x00000000d7000000)
 ParOldGen       total 68608K, used 18845K [0x0000000080000000, 0x0000000084300000, 0x00000000d5580000)
  object space 68608K, 27% used [0x0000000080000000,0x00000000812677d0,0x0000000084300000)
 Metaspace       used 37219K, committed 38336K, reserved 1114112K
  class space    used 3958K, committed 4416K, reserved 1048576K
}
Event: 14.371 GC heap before
{Heap before GC invocations=17 (full 2):
 PSYoungGen      total 23552K, used 23501K [0x00000000d5580000, 0x00000000d7200000, 0x0000000100000000)
  eden space 22016K, 100% used [0x00000000d5580000,0x00000000d6b00000,0x00000000d6b00000)
  from space 1536K, 96% used [0x00000000d7080000,0x00000000d71f3520,0x00000000d7200000)
  to   space 2048K, 0% used [0x00000000d6e00000,0x00000000d6e00000,0x00000000d7000000)
 ParOldGen       total 68608K, used 18845K [0x0000000080000000, 0x0000000084300000, 0x00000000d5580000)
  object space 68608K, 27% used [0x0000000080000000,0x00000000812677d0,0x0000000084300000)
 Metaspace       used 39917K, committed 41088K, reserved 1114112K
  class space    used 4279K, committed 4736K, reserved 1048576K
}
Event: 14.374 GC heap after
{Heap after GC invocations=17 (full 2):
 PSYoungGen      total 24064K, used 1619K [0x00000000d5580000, 0x00000000d7100000, 0x0000000100000000)
  eden space 22016K, 0% used [0x00000000d5580000,0x00000000d5580000,0x00000000d6b00000)
  from space 2048K, 79% used [0x00000000d6e00000,0x00000000d6f94cc8,0x00000000d7000000)
  to   space 1024K, 0% used [0x00000000d7000000,0x00000000d7000000,0x00000000d7100000)
 ParOldGen       total 68608K, used 20151K [0x0000000080000000, 0x0000000084300000, 0x00000000d5580000)
  object space 68608K, 29% used [0x0000000080000000,0x00000000813ade88,0x0000000084300000)
 Metaspace       used 39917K, committed 41088K, reserved 1114112K
  class space    used 4279K, committed 4736K, reserved 1048576K
}

Dll operation events (10 events):
Event: 0.015 Loaded shared library c:\Users\kirub\.vscode\extensions\redhat.java-1.54.0-win32-x64\jre\21.0.10-win32-x86_64\bin\java.dll
Event: 0.085 Loaded shared library c:\Users\kirub\.vscode\extensions\redhat.java-1.54.0-win32-x64\jre\21.0.10-win32-x86_64\bin\zip.dll
Event: 0.103 Loaded shared library C:\Users\kirub\.vscode\extensions\redhat.java-1.54.0-win32-x64\jre\21.0.10-win32-x86_64\bin\instrument.dll
Event: 0.109 Loaded shared library C:\Users\kirub\.vscode\extensions\redhat.java-1.54.0-win32-x64\jre\21.0.10-win32-x86_64\bin\net.dll
Event: 0.111 Loaded shared library C:\Users\kirub\.vscode\extensions\redhat.java-1.54.0-win32-x64\jre\21.0.10-win32-x86_64\bin\nio.dll
Event: 0.115 Loaded shared library C:\Users\kirub\.vscode\extensions\redhat.java-1.54.0-win32-x64\jre\21.0.10-win32-x86_64\bin\zip.dll
Event: 0.133 Loaded shared library C:\Users\kirub\.vscode\extensions\redhat.java-1.54.0-win32-x64\jre\21.0.10-win32-x86_64\bin\jimage.dll
Event: 0.196 Loaded shared library c:\Users\kirub\.vscode\extensions\redhat.java-1.54.0-win32-x64\jre\21.0.10-win32-x86_64\bin\verify.dll
Event: 1.320 Loaded shared library C:\Users\kirub\AppData\Roaming\Code\User\globalStorage\redhat.java\1.54.0\config_win\org.eclipse.equinox.launcher\org.eclipse.equinox.launcher.win32.win32.x86_64_1.3.0.v20260203-2149\eclipse_11919.dll
Event: 5.013 Loaded shared library C:\Users\kirub\AppData\Local\Temp\jna-102058081\jna5105866577436445386.dll

Deoptimization events (20 events):
Event: 14.352 Thread 0x00000256fee32a40 DEOPT PACKING pc=0x00000256af1cd950 sp=0x000000c93a9fead0
Event: 14.352 Thread 0x00000256fee32a40 DEOPT UNPACKING pc=0x00000256ae9f3aa2 sp=0x000000c93a9fe9f8 mode 2
Event: 14.352 Thread 0x00000256fee32a40 Uncommon trap: trap_request=0xffffffc6 fr.pc=0x00000256af1cd950 relative=0x0000000000000670
Event: 14.352 Thread 0x00000256fee32a40 Uncommon trap: reason=bimorphic_or_optimized_type_check action=maybe_recompile pc=0x00000256af1cd950 method=java.util.Comparator.lambda$thenComparing$36697e65$1(Ljava/util/Comparator;Ljava/lang/Object;Ljava/lang/Object;)I @ 3 c2
Event: 14.352 Thread 0x00000256fee32a40 DEOPT PACKING pc=0x00000256af1cd950 sp=0x000000c93a9fead0
Event: 14.352 Thread 0x00000256fee32a40 DEOPT UNPACKING pc=0x00000256ae9f3aa2 sp=0x000000c93a9fe9f8 mode 2
Event: 14.362 Thread 0x00000256fee32a40 Uncommon trap: trap_request=0xffffffc6 fr.pc=0x00000256af037608 relative=0x0000000000000f28
Event: 14.362 Thread 0x00000256fee32a40 Uncommon trap: reason=bimorphic_or_optimized_type_check action=maybe_recompile pc=0x00000256af037608 method=java.util.Properties$LineReader.readLine()I @ 479 c2
Event: 14.362 Thread 0x00000256fee32a40 DEOPT PACKING pc=0x00000256af037608 sp=0x000000c93a9fe8e0
Event: 14.362 Thread 0x00000256fee32a40 DEOPT UNPACKING pc=0x00000256ae9f3aa2 sp=0x000000c93a9fe880 mode 2
Event: 14.365 Thread 0x00000256fee32a40 Uncommon trap: trap_request=0xffffffc6 fr.pc=0x00000256af037608 relative=0x0000000000000f28
Event: 14.365 Thread 0x00000256fee32a40 Uncommon trap: reason=bimorphic_or_optimized_type_check action=maybe_recompile pc=0x00000256af037608 method=java.util.Properties$LineReader.readLine()I @ 479 c2
Event: 14.365 Thread 0x00000256fee32a40 DEOPT PACKING pc=0x00000256af037608 sp=0x000000c93a9fe8e0
Event: 14.365 Thread 0x00000256fee32a40 DEOPT UNPACKING pc=0x00000256ae9f3aa2 sp=0x000000c93a9fe880 mode 2
Event: 14.366 Thread 0x00000256fee32a40 Uncommon trap: trap_request=0xffffffc6 fr.pc=0x00000256af037608 relative=0x0000000000000f28
Event: 14.366 Thread 0x00000256fee32a40 Uncommon trap: reason=bimorphic_or_optimized_type_check action=maybe_recompile pc=0x00000256af037608 method=java.util.Properties$LineReader.readLine()I @ 479 c2
Event: 14.366 Thread 0x00000256fee32a40 DEOPT PACKING pc=0x00000256af037608 sp=0x000000c93a9fe8b0
Event: 14.366 Thread 0x00000256fee32a40 DEOPT UNPACKING pc=0x00000256ae9f3aa2 sp=0x000000c93a9fe848 mode 2
Event: 14.375 Thread 0x00000256fee33df0 DEOPT PACKING pc=0x00000256a765f33c sp=0x000000c93a8f9200
Event: 14.375 Thread 0x00000256fee33df0 DEOPT UNPACKING pc=0x00000256ae9f4242 sp=0x000000c93a8f8720 mode 0

Classes loaded (20 events):
Event: 14.334 Loading class sun/nio/ch/Iocp$EventHandlerTask
Event: 14.334 Loading class sun/nio/ch/Iocp$EventHandlerTask done
Event: 14.334 Loading class sun/nio/ch/AsynchronousChannelGroupImpl$2
Event: 14.334 Loading class sun/nio/ch/AsynchronousChannelGroupImpl$2 done
Event: 14.335 Loading class sun/nio/ch/AsynchronousChannelGroupImpl$1
Event: 14.335 Loading class sun/nio/ch/AsynchronousChannelGroupImpl$1 done
Event: 14.336 Loading class sun/nio/ch/Invoker
Event: 14.337 Loading class sun/nio/ch/Invoker done
Event: 14.337 Loading class sun/nio/ch/Invoker$1
Event: 14.337 Loading class sun/nio/ch/PendingIoCache
Event: 14.337 Loading class sun/nio/ch/Invoker$1 done
Event: 14.337 Loading class sun/nio/ch/Invoker$GroupAndInvokeCount
Event: 14.337 Loading class sun/nio/ch/PendingIoCache done
Event: 14.337 Loading class sun/nio/ch/Invoker$GroupAndInvokeCount done
Event: 14.347 Loading class java/util/concurrent/atomic/AtomicIntegerArray
Event: 14.348 Loading class java/util/concurrent/atomic/AtomicIntegerArray done
Event: 14.353 Loading class java/util/Currency
Event: 14.358 Loading class java/util/Currency done
Event: 14.363 Loading class java/util/concurrent/atomic/AtomicLongArray
Event: 14.363 Loading class java/util/concurrent/atomic/AtomicLongArray done

Classes unloaded (7 events):
Event: 5.760 Thread 0x00000256bad04540 Unloading class 0x00000256bc1a4000 'java/lang/invoke/LambdaForm$MH+0x00000256bc1a4000'
Event: 5.760 Thread 0x00000256bad04540 Unloading class 0x00000256bc1a3c00 'java/lang/invoke/LambdaForm$MH+0x00000256bc1a3c00'
Event: 5.760 Thread 0x00000256bad04540 Unloading class 0x00000256bc1a3800 'java/lang/invoke/LambdaForm$MH+0x00000256bc1a3800'
Event: 5.760 Thread 0x00000256bad04540 Unloading class 0x00000256bc1a3400 'java/lang/invoke/LambdaForm$MH+0x00000256bc1a3400'
Event: 5.760 Thread 0x00000256bad04540 Unloading class 0x00000256bc1a3000 'java/lang/invoke/LambdaForm$BMH+0x00000256bc1a3000'
Event: 5.760 Thread 0x00000256bad04540 Unloading class 0x00000256bc1a2c00 'java/lang/invoke/LambdaForm$DMH+0x00000256bc1a2c00'
Event: 5.760 Thread 0x00000256bad04540 Unloading class 0x00000256bc1a1800 'java/lang/invoke/LambdaForm$DMH+0x00000256bc1a1800'

Classes redefined (0 events):
No events

Internal exceptions (20 events):
Event: 11.895 Thread 0x00000256fe6e7850 Exception <a 'java/lang/ClassNotFoundException'{0x00000000d5faa100}: com/sun/org/apache/xerces/internal/impl/msg/spi/DOMMessagesProvider> (0x00000000d5faa100) 
thrown [s\src\hotspot\share\classfile\systemDictionary.cpp, line 312]
Event: 11.895 Thread 0x00000256fe6e7850 Exception <a 'java/lang/ClassNotFoundException'{0x00000000d5fbb8b8}: com/sun/org/apache/xerces/internal/impl/msg/spi/XMLSerializerMessagesProvider> (0x00000000d5fbb8b8) 
thrown [s\src\hotspot\share\classfile\systemDictionary.cpp, line 312]
Event: 11.902 Thread 0x00000256fe6e7850 Exception <a 'java/lang/ClassNotFoundException'{0x00000000d5fc8bd8}: com/sun/org/apache/xerces/internal/impl/msg/spi/XMLMessagesProvider> (0x00000000d5fc8bd8) 
thrown [s\src\hotspot\share\classfile\systemDictionary.cpp, line 312]
Event: 12.789 Thread 0x00000256fe6e7850 Exception <a 'java/lang/ClassNotFoundException'{0x00000000d61efd60}: com/sun/org/apache/xml/internal/serializer/spi/XMLEntitiesProvider> (0x00000000d61efd60) 
thrown [s\src\hotspot\share\classfile\systemDictionary.cpp, line 312]
Event: 13.230 Thread 0x00000256fe6e7850 Exception <a 'java/io/FileNotFoundException'{0x00000000d55b5cb8}> (0x00000000d55b5cb8) 
thrown [s\src\hotspot\share\prims\jni.cpp, line 520]
Event: 13.372 Thread 0x00000256fe6e7850 Exception <a 'java/lang/UnsatisfiedLinkError'{0x00000000d5af4e38}: The specified procedure could not be found.
> (0x00000000d5af4e38) 
thrown [s\src\hotspot\share\prims\jni.cpp, line 539]
Event: 13.385 Thread 0x00000256fe6e7850 Exception <a 'java/io/FileNotFoundException'{0x00000000d5b0cb78}> (0x00000000d5b0cb78) 
thrown [s\src\hotspot\share\prims\jni.cpp, line 520]
Event: 13.464 Thread 0x00000256fe6e7850 Exception <a 'java/io/FileNotFoundException'{0x00000000d5dc9498}> (0x00000000d5dc9498) 
thrown [s\src\hotspot\share\prims\jni.cpp, line 520]
Event: 13.494 Thread 0x00000256fe6e7850 Exception <a 'java/lang/UnsatisfiedLinkError'{0x00000000d5f045a8}: The specified procedure could not be found.
> (0x00000000d5f045a8) 
thrown [s\src\hotspot\share\prims\jni.cpp, line 539]
Event: 14.212 Thread 0x00000256fee33df0 Exception <a 'java/lang/NoSuchMethodError'{0x00000000d5c37cf0}: 'void java.lang.invoke.DirectMethodHandle$Holder.invokeStaticInit(java.lang.Object, java.lang.Object, java.lang.Object)'> (0x00000000d5c37cf0) 
thrown [s\src\hotspot\share\interpreter\linkResolver.cpp, line 773]
Event: 14.236 Thread 0x00000256fee330d0 Exception <a 'java/lang/NoSuchMethodError'{0x00000000d5e0fc78}: 'void java.lang.invoke.DirectMethodHandle$Holder.invokeStaticInit(java.lang.Object, java.lang.Object, java.lang.Object, java.lang.Object)'> (0x00000000d5e0fc78) 
thrown [s\src\hotspot\share\interpreter\linkResolver.cpp, line 773]
Event: 14.243 Thread 0x00000256fee33df0 Exception <a 'java/lang/ExceptionInInitializerError'{0x00000000d5d82348}> (0x00000000d5d82348) 
thrown [s\src\hotspot\share\oops\instanceKlass.cpp, line 1220]
Event: 14.275 Thread 0x00000256fee33df0 Implicit null exception at 0x00000256af195577 to 0x00000256af1957e8
Event: 14.288 Thread 0x00000256fee33df0 Implicit null exception at 0x00000256af074b7e to 0x00000256af074df0
Event: 14.288 Thread 0x00000256fee33df0 Implicit null exception at 0x00000256aeff5e1c to 0x00000256aeff6d38
Event: 14.293 Thread 0x00000256fee33df0 Exception <a 'java/lang/NoSuchMethodError'{0x00000000d62eb8d0}: 'java.lang.Object java.lang.invoke.Invokers$Holder.invokeExact_MT(java.lang.Object, int, java.lang.Object)'> (0x00000000d62eb8d0) 
thrown [s\src\hotspot\share\interpreter\linkResolver.cpp, line 773]
Event: 14.312 Thread 0x00000256a427dac0 Exception <a 'java/lang/NoSuchMethodError'{0x00000000d64d1628}: 'java.lang.Object java.lang.invoke.DirectMethodHandle$Holder.invokeStatic(java.lang.Object, long, java.lang.Object)'> (0x00000000d64d1628) 
thrown [s\src\hotspot\share\interpreter\linkResolver.cpp, line 773]
Event: 14.312 Thread 0x00000256a427dac0 Exception <a 'java/lang/NoSuchMethodError'{0x00000000d64e50c8}: 'java.lang.Object java.lang.invoke.DirectMethodHandle$Holder.invokeStaticInit(java.lang.Object, long, java.lang.Object)'> (0x00000000d64e50c8) 
thrown [s\src\hotspot\share\interpreter\linkResolver.cpp, line 773]
Event: 14.313 Thread 0x00000256a427dac0 Exception <a 'java/lang/NoSuchMethodError'{0x00000000d64f0320}: 'java.lang.Object java.lang.invoke.DirectMethodHandle$Holder.newInvokeSpecial(java.lang.Object, long)'> (0x00000000d64f0320) 
thrown [s\src\hotspot\share\interpreter\linkResolver.cpp, line 773]
Event: 14.320 Thread 0x00000256fee33df0 Exception <a 'java/lang/NoSuchMethodError'{0x00000000d653ea00}: 'int java.lang.invoke.DirectMethodHandle$Holder.invokeSpecial(java.lang.Object, java.lang.Object, java.lang.Object, java.lang.Object)'> (0x00000000d653ea00) 
thrown [s\src\hotspot\share\interpreter\linkResolver.cpp, line 773]

ZGC Phase Switch (0 events):
No events

VM Operations (20 events):
Event: 12.200 Executing safepoint VM operation: ParallelGCFailedAllocation (Allocation Failure)
Event: 12.203 Executing safepoint VM operation: ParallelGCFailedAllocation (Allocation Failure) done
Event: 12.283 Executing non-safepoint VM operation: HandshakeAllThreads (Deoptimize)
Event: 12.283 Executing non-safepoint VM operation: HandshakeAllThreads (Deoptimize) done
Event: 12.759 Executing non-safepoint VM operation: HandshakeAllThreads (Deoptimize)
Event: 12.770 Executing non-safepoint VM operation: HandshakeAllThreads (Deoptimize) done
Event: 12.938 Executing non-safepoint VM operation: HandshakeAllThreads (Deoptimize)
Event: 12.939 Executing non-safepoint VM operation: HandshakeAllThreads (Deoptimize) done
Event: 13.147 Executing safepoint VM operation: CollectForMetadataAllocation (Metadata GC Threshold)
Event: 13.188 Executing safepoint VM operation: CollectForMetadataAllocation (Metadata GC Threshold) done
Event: 13.345 Executing non-safepoint VM operation: HandshakeAllThreads (Deoptimize)
Event: 13.345 Executing non-safepoint VM operation: HandshakeAllThreads (Deoptimize) done
Event: 13.345 Executing non-safepoint VM operation: HandshakeAllThreads (Deoptimize)
Event: 13.345 Executing non-safepoint VM operation: HandshakeAllThreads (Deoptimize) done
Event: 13.997 Executing safepoint VM operation: ParallelGCFailedAllocation (Allocation Failure)
Event: 13.998 Executing safepoint VM operation: ParallelGCFailedAllocation (Allocation Failure) done
Event: 14.370 Executing safepoint VM operation: ParallelGCFailedAllocation (Allocation Failure)
Event: 14.374 Executing safepoint VM operation: ParallelGCFailedAllocation (Allocation Failure) done
Event: 14.470 Executing non-safepoint VM operation: HandshakeAllThreads (Deoptimize)
Event: 14.470 Executing non-safepoint VM operation: HandshakeAllThreads (Deoptimize) done

Memory protections (0 events):
No events

Nmethod flushes (20 events):
Event: 13.168 Thread 0x00000256bad04540 flushing  nmethod 0x00000256a7a97590
Event: 13.168 Thread 0x00000256bad04540 flushing  nmethod 0x00000256a7aa1910
Event: 13.168 Thread 0x00000256bad04540 flushing  nmethod 0x00000256a7ab0e10
Event: 13.168 Thread 0x00000256bad04540 flushing  nmethod 0x00000256a7ab4090
Event: 13.168 Thread 0x00000256bad04540 flushing  nmethod 0x00000256a7accf10
Event: 13.168 Thread 0x00000256bad04540 flushing  nmethod 0x00000256a7ad0290
Event: 13.168 Thread 0x00000256bad04540 flushing  nmethod 0x00000256a7ad8110
Event: 13.168 Thread 0x00000256bad04540 flushing  nmethod 0x00000256a7ae4590
Event: 13.168 Thread 0x00000256bad04540 flushing  nmethod 0x00000256a7aeed10
Event: 13.168 Thread 0x00000256bad04540 flushing  nmethod 0x00000256a7aef210
Event: 13.168 Thread 0x00000256bad04540 flushing  nmethod 0x00000256a7b20b90
Event: 13.168 Thread 0x00000256bad04540 flushing  nmethod 0x00000256a7b3e890
Event: 13.168 Thread 0x00000256bad04540 flushing  nmethod 0x00000256a7b4fa90
Event: 13.168 Thread 0x00000256bad04540 flushing  nmethod 0x00000256a7b72f90
Event: 13.168 Thread 0x00000256bad04540 flushing  nmethod 0x00000256a7b84e90
Event: 13.168 Thread 0x00000256bad04540 flushing  nmethod 0x00000256a7b85310
Event: 13.168 Thread 0x00000256bad04540 flushing  nmethod 0x00000256a7b89890
Event: 13.168 Thread 0x00000256bad04540 flushing  nmethod 0x00000256a7b97610
Event: 13.168 Thread 0x00000256bad04540 flushing  nmethod 0x00000256a7b99410
Event: 13.168 Thread 0x00000256bad04540 flushing  nmethod 0x00000256a7bb8b10

Events (20 events):
Event: 12.106 Thread 0x00000256841e1e10 Thread exited: 0x00000256841e1e10
Event: 12.789 Thread 0x000002568474f900 Thread exited: 0x000002568474f900
Event: 13.900 Thread 0x00000256fd141300 Thread added: 0x00000256feaa3620
Event: 14.024 Thread 0x00000256fee330d0 Thread added: 0x00000256fee34b10
Event: 14.274 Thread 0x00000256fee34b10 Thread added: 0x00000256fee31d20
Event: 14.335 Thread 0x00000256a427dac0 Thread added: 0x0000025684ceec20
Event: 14.336 Thread 0x00000256a427dac0 Thread added: 0x0000025684cecb50
Event: 14.336 Thread 0x00000256a427dac0 Thread added: 0x0000025684ced870
Event: 14.336 Thread 0x00000256a427dac0 Thread added: 0x0000025684ceb7a0
Event: 14.336 Thread 0x00000256a427dac0 Thread added: 0x0000025684cec4c0
Event: 14.336 Thread 0x00000256a427dac0 Thread added: 0x0000025684ced1e0
Event: 14.336 Thread 0x00000256a427dac0 Thread added: 0x0000025684cee590
Event: 14.336 Thread 0x00000256a427dac0 Thread added: 0x0000025684cedf00
Event: 14.336 Thread 0x00000256a427dac0 Thread added: 0x0000025684cef2b0
Event: 14.337 Thread 0x00000256a427dac0 Thread added: 0x0000025684cebe30
Event: 14.337 Thread 0x00000256a427dac0 Thread added: 0x0000025684cf1380
Event: 14.337 Thread 0x00000256a427dac0 Thread added: 0x0000025684cf0660
Event: 14.337 Thread 0x00000256a427dac0 Thread added: 0x0000025684cf1a10
Event: 14.355 Thread 0x00000256fd141300 Thread added: 0x0000025684b94930
Event: 14.379 Thread 0x00000256a427dac0 Thread added: 0x0000025684cf0cf0


Dynamic libraries:
0x00007ff6f04f0000 - 0x00007ff6f04fe000 	c:\Users\kirub\.vscode\extensions\redhat.java-1.54.0-win32-x64\jre\21.0.10-win32-x86_64\bin\java.exe
0x00007fff27f40000 - 0x00007fff281a7000 	C:\WINDOWS\SYSTEM32\ntdll.dll
0x00007fff25cd0000 - 0x00007fff25d99000 	C:\WINDOWS\System32\KERNEL32.DLL
0x00007fff25620000 - 0x00007fff25a14000 	C:\WINDOWS\System32\KERNELBASE.dll
0x00007fff21b20000 - 0x00007fff21bbf000 	C:\WINDOWS\SYSTEM32\apphelp.dll
0x00007fff251f0000 - 0x00007fff2533b000 	C:\WINDOWS\System32\ucrtbase.dll
0x00007fff1c410000 - 0x00007fff1c428000 	c:\Users\kirub\.vscode\extensions\redhat.java-1.54.0-win32-x64\jre\21.0.10-win32-x86_64\bin\jli.dll
0x00007fff175b0000 - 0x00007fff175ce000 	c:\Users\kirub\.vscode\extensions\redhat.java-1.54.0-win32-x64\jre\21.0.10-win32-x86_64\bin\VCRUNTIME140.dll
0x00007fff25da0000 - 0x00007fff25f65000 	C:\WINDOWS\System32\USER32.dll
0x00007fff11750000 - 0x00007fff119e3000 	C:\WINDOWS\WinSxS\amd64_microsoft.windows.common-controls_6595b64144ccf1df_6.0.26100.8115_none_3e075c82e3354f9c\COMCTL32.dll
0x00007fff255f0000 - 0x00007fff25617000 	C:\WINDOWS\System32\win32u.dll
0x00007fff27910000 - 0x00007fff279b9000 	C:\WINDOWS\System32\msvcrt.dll
0x00007fff27e40000 - 0x00007fff27e6b000 	C:\WINDOWS\System32\GDI32.dll
0x00007fff25ba0000 - 0x00007fff25ccb000 	C:\WINDOWS\System32\gdi32full.dll
0x00007fff254b0000 - 0x00007fff25553000 	C:\WINDOWS\System32\msvcp_win.dll
0x00007fff27e70000 - 0x00007fff27ea2000 	C:\WINDOWS\System32\IMM32.DLL
0x00007fff19af0000 - 0x00007fff19afc000 	c:\Users\kirub\.vscode\extensions\redhat.java-1.54.0-win32-x64\jre\21.0.10-win32-x86_64\bin\vcruntime140_1.dll
0x00007fff17240000 - 0x00007fff172cd000 	c:\Users\kirub\.vscode\extensions\redhat.java-1.54.0-win32-x64\jre\21.0.10-win32-x86_64\bin\msvcp140.dll
0x00007ffe93610000 - 0x00007ffe943b1000 	c:\Users\kirub\.vscode\extensions\redhat.java-1.54.0-win32-x64\jre\21.0.10-win32-x86_64\bin\server\jvm.dll
0x00007fff272d0000 - 0x00007fff27386000 	C:\WINDOWS\System32\ADVAPI32.dll
0x00007fff279c0000 - 0x00007fff27a67000 	C:\WINDOWS\System32\sechost.dll
0x00007fff277c0000 - 0x00007fff278d8000 	C:\WINDOWS\System32\RPCRT4.dll
0x00007fff27db0000 - 0x00007fff27e30000 	C:\WINDOWS\System32\WS2_32.dll
0x00007fff24670000 - 0x00007fff246ce000 	C:\WINDOWS\SYSTEM32\POWRPROF.dll
0x00007fff1c760000 - 0x00007fff1c76b000 	C:\WINDOWS\SYSTEM32\VERSION.dll
0x00007fff1c6d0000 - 0x00007fff1c706000 	C:\WINDOWS\SYSTEM32\WINMM.dll
0x00007fff24650000 - 0x00007fff24664000 	C:\WINDOWS\SYSTEM32\UMPDC.dll
0x00007fff235a0000 - 0x00007fff235bb000 	C:\WINDOWS\SYSTEM32\kernel.appcore.dll
0x00007fff19020000 - 0x00007fff1902a000 	c:\Users\kirub\.vscode\extensions\redhat.java-1.54.0-win32-x64\jre\21.0.10-win32-x86_64\bin\jimage.dll
0x00007fff229c0000 - 0x00007fff22c02000 	C:\WINDOWS\SYSTEM32\DBGHELP.DLL
0x00007fff25f70000 - 0x00007fff262f2000 	C:\WINDOWS\System32\combase.dll
0x00007fff276e0000 - 0x00007fff277b8000 	C:\WINDOWS\System32\OLEAUT32.dll
0x00007fff12f50000 - 0x00007fff12f8b000 	C:\WINDOWS\SYSTEM32\dbgcore.DLL
0x00007fff25340000 - 0x00007fff253e5000 	C:\WINDOWS\System32\bcryptPrimitives.dll
0x00007fff17380000 - 0x00007fff1738f000 	c:\Users\kirub\.vscode\extensions\redhat.java-1.54.0-win32-x64\jre\21.0.10-win32-x86_64\bin\instrument.dll
0x00007fff165a0000 - 0x00007fff165c0000 	c:\Users\kirub\.vscode\extensions\redhat.java-1.54.0-win32-x64\jre\21.0.10-win32-x86_64\bin\java.dll
0x00007fff26a00000 - 0x00007fff27167000 	C:\WINDOWS\System32\SHELL32.dll
0x00007fff25080000 - 0x00007fff251ea000 	C:\WINDOWS\System32\wintypes.dll
0x00007fff24810000 - 0x00007fff25078000 	C:\WINDOWS\System32\windows.storage.dll
0x00007fff27170000 - 0x00007fff27268000 	C:\WINDOWS\System32\SHCORE.dll
0x00007fff27590000 - 0x00007fff275f6000 	C:\WINDOWS\System32\shlwapi.dll
0x00007fff24730000 - 0x00007fff24759000 	C:\WINDOWS\SYSTEM32\profapi.dll
0x00007fff02000000 - 0x00007fff02018000 	c:\Users\kirub\.vscode\extensions\redhat.java-1.54.0-win32-x64\jre\21.0.10-win32-x86_64\bin\zip.dll
0x00007fff17300000 - 0x00007fff17310000 	C:\Users\kirub\.vscode\extensions\redhat.java-1.54.0-win32-x64\jre\21.0.10-win32-x86_64\bin\net.dll
0x00007fff1cc30000 - 0x00007fff1cd5d000 	C:\WINDOWS\SYSTEM32\WINHTTP.dll
0x00007fff23b10000 - 0x00007fff23b7c000 	C:\WINDOWS\system32\mswsock.dll
0x00007fff08490000 - 0x00007fff084a6000 	C:\Users\kirub\.vscode\extensions\redhat.java-1.54.0-win32-x64\jre\21.0.10-win32-x86_64\bin\nio.dll
0x00007fff16200000 - 0x00007fff16210000 	c:\Users\kirub\.vscode\extensions\redhat.java-1.54.0-win32-x64\jre\21.0.10-win32-x86_64\bin\verify.dll
0x00007fff02040000 - 0x00007fff02085000 	C:\Users\kirub\AppData\Roaming\Code\User\globalStorage\redhat.java\1.54.0\config_win\org.eclipse.equinox.launcher\org.eclipse.equinox.launcher.win32.win32.x86_64_1.3.0.v20260203-2149\eclipse_11919.dll
0x00007fff27a80000 - 0x00007fff27c17000 	C:\WINDOWS\System32\ole32.dll
0x00007fff23df0000 - 0x00007fff23e0b000 	C:\WINDOWS\SYSTEM32\CRYPTSP.dll
0x00007fff23500000 - 0x00007fff23539000 	C:\WINDOWS\system32\rsaenh.dll
0x00007fff23bc0000 - 0x00007fff23bf3000 	C:\WINDOWS\SYSTEM32\USERENV.dll
0x00007fff24700000 - 0x00007fff2472a000 	C:\WINDOWS\SYSTEM32\bcrypt.dll
0x00007fff23e10000 - 0x00007fff23e1c000 	C:\WINDOWS\SYSTEM32\CRYPTBASE.dll
0x00007fff22f60000 - 0x00007fff22f92000 	C:\WINDOWS\SYSTEM32\IPHLPAPI.DLL
0x00007fff27580000 - 0x00007fff2758a000 	C:\WINDOWS\System32\NSI.dll
0x00007fff00600000 - 0x00007fff00649000 	C:\Users\kirub\AppData\Local\Temp\jna-102058081\jna5105866577436445386.dll
0x00007fff27da0000 - 0x00007fff27da8000 	C:\WINDOWS\System32\PSAPI.DLL
0x00007fff1ca30000 - 0x00007fff1ca4d000 	C:\WINDOWS\SYSTEM32\dhcpcsvc6.DLL
0x00007fff1ca00000 - 0x00007fff1ca25000 	C:\WINDOWS\SYSTEM32\dhcpcsvc.DLL

JVMTI agents:
c:\Users\kirub\.vscode\extensions\redhat.java-1.54.0-win32-x64\lombok\lombok-1.18.39-4050.jar path:c:\Users\kirub\.vscode\extensions\redhat.java-1.54.0-win32-x64\jre\21.0.10-win32-x86_64\bin\instrument.dll, loaded, initialized, instrumentlib options:none

dbghelp: loaded successfully - version: 4.0.5 - missing functions: none
symbol engine: initialized successfully - sym options: 0x614 - pdb path: .;c:\Users\kirub\.vscode\extensions\redhat.java-1.54.0-win32-x64\jre\21.0.10-win32-x86_64\bin;C:\WINDOWS\SYSTEM32;C:\WINDOWS\WinSxS\amd64_microsoft.windows.common-controls_6595b64144ccf1df_6.0.26100.8115_none_3e075c82e3354f9c;c:\Users\kirub\.vscode\extensions\redhat.java-1.54.0-win32-x64\jre\21.0.10-win32-x86_64\bin\server;C:\Users\kirub\AppData\Roaming\Code\User\globalStorage\redhat.java\1.54.0\config_win\org.eclipse.equinox.launcher\org.eclipse.equinox.launcher.win32.win32.x86_64_1.3.0.v20260203-2149;C:\Users\kirub\AppData\Local\Temp\jna-102058081

VM Arguments:
jvm_args: --add-modules=ALL-SYSTEM --add-opens=java.base/java.util=ALL-UNNAMED --add-opens=java.base/java.lang=ALL-UNNAMED --add-opens=java.base/sun.nio.fs=ALL-UNNAMED -Declipse.application=org.eclipse.jdt.ls.core.id1 -Dosgi.bundles.defaultStartLevel=4 -Declipse.product=org.eclipse.jdt.ls.core.product -Djava.import.generatesMetadataFilesAtProjectRoot=false -DDetectVMInstallationsJob.disabled=true -Dfile.encoding=utf8 -XX:+UseParallelGC -XX:GCTimeRatio=4 -XX:AdaptiveSizePolicyWeight=90 -Dsun.zip.disableMemoryMapping=true -Xmx2G -Xms100m -Xlog:disable -javaagent:c:\Users\kirub\.vscode\extensions\redhat.java-1.54.0-win32-x64\lombok\lombok-1.18.39-4050.jar -XX:+HeapDumpOnOutOfMemoryError -XX:HeapDumpPath=c:\Users\kirub\AppData\Roaming\Code\User\workspaceStorage\4d099c443faa841707efa8929395cb8a\redhat.java -Daether.dependencyCollector.impl=bf 
java_command: c:\Users\kirub\.vscode\extensions\redhat.java-1.54.0-win32-x64\server\plugins\org.eclipse.equinox.launcher_1.7.100.v20251111-0406.jar -configuration c:\Users\kirub\AppData\Roaming\Code\User\globalStorage\redhat.java\1.54.0\config_win -data c:\Users\kirub\AppData\Roaming\Code\User\workspaceStorage\4d099c443faa841707efa8929395cb8a\redhat.java\jdt_ws --pipe=\\.\pipe\lsp-f29389094caad820988e078fa6a9938a-sock
java_class_path (initial): c:\Users\kirub\.vscode\extensions\redhat.java-1.54.0-win32-x64\server\plugins\org.eclipse.equinox.launcher_1.7.100.v20251111-0406.jar
Launcher Type: SUN_STANDARD

[Global flags]
    uintx AdaptiveSizePolicyWeight                 = 90                                        {product} {command line}
     intx CICompilerCount                          = 4                                         {product} {ergonomic}
    uintx GCTimeRatio                              = 4                                         {product} {command line}
     bool HeapDumpOnOutOfMemoryError               = true                                   {manageable} {command line}
    ccstr HeapDumpPath                             = c:\Users\kirub\AppData\Roaming\Code\User\workspaceStorage\4d099c443faa841707efa8929395cb8a\redhat.java         {manageable} {command line}
   size_t InitialHeapSize                          = 104857600                                 {product} {command line}
   size_t MaxHeapSize                              = 2147483648                                {product} {command line}
   size_t MaxNewSize                               = 715653120                                 {product} {ergonomic}
   size_t MinHeapDeltaBytes                        = 524288                                    {product} {ergonomic}
   size_t MinHeapSize                              = 104857600                                 {product} {command line}
   size_t NewSize                                  = 34603008                                  {product} {ergonomic}
    uintx NonNMethodCodeHeapSize                   = 5839372                                {pd product} {ergonomic}
    uintx NonProfiledCodeHeapSize                  = 122909434                              {pd product} {ergonomic}
   size_t OldSize                                  = 70254592                                  {product} {ergonomic}
    uintx ProfiledCodeHeapSize                     = 122909434                              {pd product} {ergonomic}
    uintx ReservedCodeCacheSize                    = 251658240                              {pd product} {ergonomic}
     bool SegmentedCodeCache                       = true                                      {product} {ergonomic}
   size_t SoftMaxHeapSize                          = 2147483648                             {manageable} {ergonomic}
     bool UseCompressedOops                        = true                           {product lp64_product} {ergonomic}
     bool UseLargePagesIndividualAllocation        = false                                  {pd product} {ergonomic}
     bool UseParallelGC                            = true                                      {product} {command line}

Logging:
Log output configuration:
 #0: stdout all=off uptime,level,tags foldmultilines=false
 #1: stderr all=off uptime,level,tags foldmultilines=false

Release file:
JAVA_VERSION="21.0.10" 
MODULES="java.base java.compiler java.datatransfer java.xml java.prefs java.desktop java.instrument java.logging java.management java.security.sasl java.naming java.rmi java.management.rmi java.net.http java.scripting java.security.jgss java.transaction.xa java.sql java.sql.rowset java.xml.crypto java.se java.smartcardio jdk.accessibility jdk.internal.jvmstat jdk.attach jdk.charsets jdk.internal.opt jdk.zipfs jdk.compiler jdk.crypto.ec jdk.crypto.cryptoki jdk.crypto.mscapi jdk.dynalink jdk.internal.ed jdk.editpad jdk.hotspot.agent jdk.httpserver jdk.internal.le jdk.internal.vm.ci jdk.internal.vm.compiler jdk.internal.vm.compiler.management jdk.jartool jdk.javadoc jdk.jcmd jdk.management jdk.management.agent jdk.jconsole jdk.jdeps jdk.jdwp.agent jdk.jdi jdk.jfr jdk.jshell jdk.jsobject jdk.jstatd jdk.localedata jdk.management.jfr jdk.naming.dns jdk.naming.rmi jdk.net jdk.nio.mapmode jdk.random jdk.sctp jdk.security.auth jdk.security.jgss jdk.unsupported jdk.unsupported.desktop jdk.xml.dom" 

Environment Variables:
PATH=C:\Users\kirub\AppData\Local\Programs\Microsoft VS Code;C:\Program Files\Common Files\Oracle\Java\javapath;C:\WINDOWS\system32;C:\WINDOWS;C:\WINDOWS\System32\Wbem;C:\WINDOWS\System32\WindowsPowerShell\v1.0\;C:\WINDOWS\System32\OpenSSH\;C:\Program Files\Git\cmd;C:\Program Files\Docker\Docker\resources\bin;C:\Users\kirub\AppData\Local\nvm;C:\nvm4w\nodejs;C:\Users\kirub\scoop\shims;C:\Users\kirub\AppData\Local\Programs\Python\Launcher\;C:\Users\kirub\AppData\Local\Microsoft\WindowsApps;C:\Users\kirub\AppData\Local\Programs\Microsoft VS Code\bin;C:\Users\kirub\AppData\Local\Programs\Antigravity\bin;C:\Program Files\JetBrains\IntelliJ IDEA 2025.3.2\bin;C:\Users\kirub\AppData\Local\nvm;C:\nvm4w\nodejs
USERNAME=kirub
OS=Windows_NT
PROCESSOR_IDENTIFIER=AMD64 Family 25 Model 80 Stepping 0, AuthenticAMD
TMP=C:\Users\kirub\AppData\Local\Temp
TEMP=C:\Users\kirub\AppData\Local\Temp




Periodic native trim disabled

---------------  S Y S T E M  ---------------

OS:
 Windows 11 , 64 bit Build 26100 (10.0.26100.8246)
OS uptime: 0 days 7:09 hours
Hyper-V role detected

CPU: total 12 (initial active 12) (12 cores per cpu, 2 threads per core) family 25 model 80 stepping 0 microcode 0xa500014, cx8, cmov, fxsr, ht, mmx, 3dnowpref, sse, sse2, sse3, ssse3, sse4a, sse4.1, sse4.2, popcnt, lzcnt, tsc, tscinvbit, avx, avx2, aes, erms, clmul, bmi1, bmi2, adx, sha, fma, vzeroupper, clflush, clflushopt, hv, rdtscp, rdpid, fsrm, f16c, cet_ss
Processor Information for processor 0
  Max Mhz: 2301, Current Mhz: 2301, Mhz Limit: 2301
Processor Information for processor 1
  Max Mhz: 2301, Current Mhz: 2301, Mhz Limit: 2301
Processor Information for processor 2
  Max Mhz: 2301, Current Mhz: 1798, Mhz Limit: 2301
Processor Information for processor 3
  Max Mhz: 2301, Current Mhz: 1798, Mhz Limit: 2301
Processor Information for processor 4
  Max Mhz: 2301, Current Mhz: 2301, Mhz Limit: 2301
Processor Information for processor 5
  Max Mhz: 2301, Current Mhz: 2301, Mhz Limit: 2301
Processor Information for processor 6
  Max Mhz: 2301, Current Mhz: 1798, Mhz Limit: 2301
Processor Information for processor 7
  Max Mhz: 2301, Current Mhz: 1798, Mhz Limit: 2301
Processor Information for processor 8
  Max Mhz: 2301, Current Mhz: 1798, Mhz Limit: 2301
Processor Information for processor 9
  Max Mhz: 2301, Current Mhz: 2301, Mhz Limit: 2301
Processor Information for processor 10
  Max Mhz: 2301, Current Mhz: 2301, Mhz Limit: 2301
Processor Information for processor 11
  Max Mhz: 2301, Current Mhz: 2301, Mhz Limit: 2301

Memory: 4k page, system-wide physical 5989M (984M free)
TotalPageFile size 24421M (AvailPageFile size 128M)
current process WorkingSet (physical memory assigned to process): 215M, peak: 217M
current process commit charge ("private bytes"): 342M, peak: 343M

vm_info: OpenJDK 64-Bit Server VM (21.0.10+7-LTS) for windows-amd64 JRE (21.0.10+7-LTS), built on 2026-01-20T00:00:00Z by "admin" with MS VC++ 17.12 (VS2022)

END.
