#
# There is insufficient memory for the Java Runtime Environment to continue.
# Native memory allocation (malloc) failed to allocate 1048576 bytes. Error detail: AllocateHeap
# Possible reasons:
#   The system is out of physical RAM or swap space
#   This process is running with CompressedOops enabled, and the Java Heap may be blocking the growth of the native heap
# Possible solutions:
#   Reduce memory load on the system
#   Increase physical memory or swap space
#   Check if swap backing store is full
#   Decrease Java heap size (-Xmx/-Xms)
#   Decrease number of Java threads
#   Decrease Java thread stack sizes (-Xss)
#   Set larger code cache with -XX:ReservedCodeCacheSize=
#   JVM is running with Unscaled Compressed Oops mode in which the Java heap is
#     placed in the first 4GB address space. The Java Heap base address is the
#     maximum limit for the native heap growth. Please use -XX:HeapBaseMinAddress
#     to set the Java Heap base and to place the Java Heap above 4GB virtual address.
# This output file may be truncated or incomplete.
#
#  Out of Memory Error (allocation.cpp:44), pid=856, tid=16804
#
# JRE version: OpenJDK Runtime Environment JBR-21.0.9+1-1163.94-jcef (21.0.9+1) (build 21.0.9+1-b1163.94)
# Java VM: OpenJDK 64-Bit Server VM JBR-21.0.9+1-1163.94-jcef (21.0.9+1-b1163.94, mixed mode, sharing, tiered, compressed oops, compressed class ptrs, g1 gc, windows-amd64)
# No core dump will be written. Minidumps are not enabled by default on client versions of Windows
#

---------------  S U M M A R Y ------------

Command Line: -Djava.rmi.server.hostname=127.0.0.1 -Duser.timezone=UTC -Xmx2048m -Xms128m --add-exports=java.desktop/sun.awt=ALL-UNNAMED --add-exports=java.desktop/java.awt.peer=ALL-UNNAMED --add-opens=java.desktop/java.awt=ALL-UNNAMED --add-opens=jdk.unsupported/sun.misc=ALL-UNNAMED --add-opens=java.base/java.nio=ALL-UNNAMED --add-opens=java.base/java.util=ALL-UNNAMED -Dfile.encoding=UTF-8 -Dsun.stdout.encoding=UTF-8 -Dsun.stderr.encoding=UTF-8 com.intellij.database.remote.RemoteJdbcServer org.postgresql.Driver

Host: AMD Ryzen 5 5625U with Radeon Graphics         , 12 cores, 5G,  Windows 11 , 64 bit Build 26100 (10.0.26100.8246)
Time: Sat May  2 14:17:29 2026 E. Africa Standard Time elapsed time: 10801.852321 seconds (0d 3h 0m 1s)

---------------  T H R E A D  ---------------

Current thread (0x000001f41250f050):  VMThread "VM Thread"          [id=16804, stack(0x0000004b94900000,0x0000004b94a00000) (1024K)]

Stack: [0x0000004b94900000,0x0000004b94a00000]
Native frames: (J=compiled Java code, j=interpreted, Vv=VM code, C=native code)
V  [jvm.dll+0x6ec339]
V  [jvm.dll+0x8cc463]
V  [jvm.dll+0x8cea8e]
V  [jvm.dll+0x8cf173]
V  [jvm.dll+0x28b006]
V  [jvm.dll+0xc16b7]
V  [jvm.dll+0x357262]
V  [jvm.dll+0x350bfe]
V  [jvm.dll+0x338cd9]
V  [jvm.dll+0x37d0aa]
V  [jvm.dll+0x8d4ef8]
V  [jvm.dll+0x8d6274]
V  [jvm.dll+0x8d67b0]
V  [jvm.dll+0x8d6a43]
V  [jvm.dll+0x874178]
V  [jvm.dll+0x6eaabd]
C  [ucrtbase.dll+0x37b0]
C  [KERNEL32.DLL+0x2e8d7]
C  [ntdll.dll+0x8c3fc]

VM_Operation (0x0000004b958ff350): G1CollectFull, mode: safepoint, requested by thread 0x000001f42db3c3e0


---------------  P R O C E S S  ---------------

Threads class SMR info:
_java_thread_list=0x000001f42d753860, length=19, elements={
0x000001f41486f960, 0x000001f42d27a070, 0x000001f42d27b150, 0x000001f42d27bbb0,
0x000001f42d286100, 0x000001f42d287ed0, 0x000001f42d28c950, 0x000001f42d28d3b0,
0x000001f42d2a7eb0, 0x000001f42d2aad60, 0x000001f42d521550, 0x000001f42da3ff20,
0x000001f42d9c57c0, 0x000001f42d9c5e30, 0x000001f42db3c3e0, 0x000001f42d882460,
0x000001f42d87ec00, 0x000001f42d87c4a0, 0x000001f42d87cb30
}

Java Threads: ( => current thread )
  0x000001f41486f960 JavaThread "main"                              [_thread_blocked, id=18216, stack(0x0000004b94200000,0x0000004b94300000) (1024K)]
  0x000001f42d27a070 JavaThread "Common-Cleaner"             daemon [_thread_blocked, id=16952, stack(0x0000004b94a00000,0x0000004b94b00000) (1024K)]
  0x000001f42d27b150 JavaThread "Reference Handler"          daemon [_thread_blocked, id=18172, stack(0x0000004b94b00000,0x0000004b94c00000) (1024K)]
  0x000001f42d27bbb0 JavaThread "Finalizer"                  daemon [_thread_blocked, id=19392, stack(0x0000004b94c00000,0x0000004b94d00000) (1024K)]
  0x000001f42d286100 JavaThread "Signal Dispatcher"          daemon [_thread_blocked, id=4020, stack(0x0000004b94d00000,0x0000004b94e00000) (1024K)]
  0x000001f42d287ed0 JavaThread "Attach Listener"            daemon [_thread_blocked, id=23480, stack(0x0000004b94e00000,0x0000004b94f00000) (1024K)]
  0x000001f42d28c950 JavaThread "Service Thread"             daemon [_thread_blocked, id=19672, stack(0x0000004b94f00000,0x0000004b95000000) (1024K)]
  0x000001f42d28d3b0 JavaThread "Monitor Deflation Thread"   daemon [_thread_blocked, id=24144, stack(0x0000004b95000000,0x0000004b95100000) (1024K)]
  0x000001f42d2a7eb0 JavaThread "C2 CompilerThread0"         daemon [_thread_blocked, id=16884, stack(0x0000004b95100000,0x0000004b95200000) (1024K)]
  0x000001f42d2aad60 JavaThread "C1 CompilerThread0"         daemon [_thread_blocked, id=8040, stack(0x0000004b95200000,0x0000004b95300000) (1024K)]
  0x000001f42d521550 JavaThread "Notification Thread"        daemon [_thread_blocked, id=11500, stack(0x0000004b95300000,0x0000004b95400000) (1024K)]
  0x000001f42da3ff20 JavaThread "RMI TCP Accept-57837"       daemon [_thread_in_native, id=22908, stack(0x0000004b95500000,0x0000004b95600000) (1024K)]
  0x000001f42d9c57c0 JavaThread "RMI TCP Accept-0"           daemon [_thread_in_native, id=13044, stack(0x0000004b95600000,0x0000004b95700000) (1024K)]
  0x000001f42d9c5e30 JavaThread "RMI Reaper"                        [_thread_blocked, id=5160, stack(0x0000004b95700000,0x0000004b95800000) (1024K)]
  0x000001f42db3c3e0 JavaThread "RMI GC Daemon"              daemon [_thread_blocked, id=22352, stack(0x0000004b95800000,0x0000004b95900000) (1024K)]
  0x000001f42d882460 JavaThread "RMI Scheduler(0)"           daemon [_thread_blocked, id=22384, stack(0x0000004b95400000,0x0000004b95500000) (1024K)]
  0x000001f42d87ec00 JavaThread "RMI RenewClean-[127.0.0.1:52424]" daemon [_thread_blocked, id=8140, stack(0x0000004b95d00000,0x0000004b95e00000) (1024K)]
  0x000001f42d87c4a0 JavaThread "RMI TCP Connection(20)-127.0.0.1" daemon [_thread_in_native, id=9976, stack(0x0000004b94000000,0x0000004b94100000) (1024K)]
  0x000001f42d87cb30 JavaThread "RMI TCP Connection(19)-127.0.0.1" daemon [_thread_blocked, id=15740, stack(0x0000004b93f00000,0x0000004b94000000) (1024K)]
Total: 19

Other Threads:
=>0x000001f41250f050 VMThread "VM Thread"                           [id=16804, stack(0x0000004b94900000,0x0000004b94a00000) (1024K)]
  0x000001f42d249d10 WatcherThread "VM Periodic Task Thread"        [id=12456, stack(0x0000004b94800000,0x0000004b94900000) (1024K)]
  0x000001f41250f790 WorkerThread "GC Thread#0"                     [id=16768, stack(0x0000004b94300000,0x0000004b94400000) (1024K)]
  0x000001f41250e910 WorkerThread "GC Thread#1"                     [id=9396, stack(0x0000004b95f00000,0x0000004b96000000) (1024K)]
  0x000001f41250f3f0 WorkerThread "GC Thread#2"                     [id=14736, stack(0x0000004b96000000,0x0000004b96100000) (1024K)]
  0x000001f41250ecb0 WorkerThread "GC Thread#3"                     [id=22376, stack(0x0000004b96100000,0x0000004b96200000) (1024K)]
  0x000001f42db8c420 WorkerThread "GC Thread#4"                     [id=15508, stack(0x0000004b96200000,0x0000004b96300000) (1024K)]
  0x000001f42db8d640 WorkerThread "GC Thread#5"                     [id=18084, stack(0x0000004b96300000,0x0000004b96400000) (1024K)]
  0x000001f42db8c080 WorkerThread "GC Thread#6"                     [id=9880, stack(0x0000004b96400000,0x0000004b96500000) (1024K)]
  0x000001f42db8efa0 WorkerThread "GC Thread#7"                     [id=2352, stack(0x0000004b96500000,0x0000004b96600000) (1024K)]
  0x000001f42db8e860 WorkerThread "GC Thread#8"                     [id=21348, stack(0x0000004b96600000,0x0000004b96700000) (1024K)]
  0x000001f42db8f340 WorkerThread "GC Thread#9"                     [id=8132, stack(0x0000004b96700000,0x0000004b96800000) (1024K)]
  0x000001f4148d76d0 ConcurrentGCThread "G1 Main Marker"            [id=24568, stack(0x0000004b94400000,0x0000004b94500000) (1024K)]
  0x000001f41250fed0 WorkerThread "G1 Conc#0"                       [id=18132, stack(0x0000004b94500000,0x0000004b94600000) (1024K)]
  0x000001f42d10f5c0 ConcurrentGCThread "G1 Refine#0"               [id=8220, stack(0x0000004b94600000,0x0000004b94700000) (1024K)]
  0x000001f42d10fde0 ConcurrentGCThread "G1 Service"                [id=15184, stack(0x0000004b94700000,0x0000004b94800000) (1024K)]
Total: 16

Threads with active compile tasks:
Total: 0

VM state: at safepoint (normal execution)

VM Mutex/Monitor currently owned by a thread:  ([mutex/lock_event])
[0x00007ffe97759d30] Threads_lock - owner thread: 0x000001f41250f050
[0x00007ffe97759e30] Heap_lock - owner thread: 0x000001f42db3c3e0

Heap address: 0x0000000080000000, size: 2048 MB, Compressed Oops mode: 32-bit

CDS archive(s) mapped at: [0x000001f42e000000-0x000001f42fc20000-0x000001f42fc20000), size 29491200, SharedBaseAddress: 0x000001f42e000000, ArchiveRelocationMode: 1.
Compressed class space mapped at: 0x000001f430000000-0x000001f470000000, reserved size: 1073741824
Narrow klass base: 0x000001f42e000000, Narrow klass shift: 0, Narrow klass range: 0x100000000

GC Precious Log:
 CardTable entry size: 512
 Card Set container configuration: InlinePtr #cards 5 size 8 Array Of Cards #cards 12 size 40 Howl #buckets 4 coarsen threshold 1843 Howl Bitmap #cards 512 size 80 coarsen threshold 460 Card regions per heap region 1 cards per card region 2048
 CPUs: 12 total, 12 available
 Memory: 5989M
 Large Page Support: Disabled
 NUMA Support: Disabled
 Compressed Oops: Enabled (32-bit)
 Heap Region Size: 1M
 Heap Min Capacity: 128M
 Heap Initial Capacity: 128M
 Heap Max Capacity: 2G
 Pre-touch: Disabled
 Parallel Workers: 10
 Concurrent Workers: 3
 Concurrent Refinement Workers: 10
 Periodic GC: Disabled

Heap:
 garbage-first heap   total 131072K, used 16572K [0x0000000080000000, 0x0000000100000000)
  region size 1024K, 9 young (9216K), 0 survivors (0K)
 Metaspace       used 8968K, committed 9728K, reserved 1114112K
  class space    used 991K, committed 1280K, reserved 1048576K

Heap Regions: E=young(eden), S=young(survivor), O=old, HS=humongous(starts), HC=humongous(continues), CS=collection set, F=free, TAMS=top-at-mark-start, PB=parsable bottom
|   0|0x0000000080000000, 0x0000000080100000, 0x0000000080100000|100%|HS|  |TAMS 0x0000000080000000| PB 0x0000000080000000| Untracked 
|   1|0x0000000080100000, 0x0000000080200000, 0x0000000080200000|100%|HS|  |TAMS 0x0000000080100000| PB 0x0000000080100000| Untracked 
|   2|0x0000000080200000, 0x0000000080300000, 0x0000000080300000|100%| O|  |TAMS 0x0000000080200000| PB 0x0000000080200000| Untracked 
|   3|0x0000000080300000, 0x00000000803fffe8, 0x0000000080400000| 99%| O|  |TAMS 0x0000000080300000| PB 0x0000000080300000| Untracked 
|   4|0x0000000080400000, 0x00000000804ffff8, 0x0000000080500000| 99%| O|  |TAMS 0x0000000080400000| PB 0x0000000080400000| Untracked 
|   5|0x0000000080500000, 0x00000000805ffff8, 0x0000000080600000| 99%| O|  |TAMS 0x0000000080500000| PB 0x0000000080500000| Untracked 
|   6|0x0000000080600000, 0x00000000806fffe0, 0x0000000080700000| 99%| O|  |TAMS 0x0000000080600000| PB 0x0000000080600000| Untracked 
|   7|0x0000000080700000, 0x0000000080738a98, 0x0000000080800000| 22%| O|  |TAMS 0x0000000080700000| PB 0x0000000080700000| Untracked 
|   8|0x0000000080800000, 0x00000000808b4758, 0x0000000080900000| 70%| O|  |TAMS 0x0000000080800000| PB 0x0000000080800000| Untracked 
|   9|0x0000000080900000, 0x0000000080941f80, 0x0000000080a00000| 25%| O|  |TAMS 0x0000000080900000| PB 0x0000000080900000| Untracked 
|  10|0x0000000080a00000, 0x0000000080a00000, 0x0000000080b00000|  0%| F|  |TAMS 0x0000000080a00000| PB 0x0000000080a00000| Untracked 
|  11|0x0000000080b00000, 0x0000000080b00000, 0x0000000080c00000|  0%| F|  |TAMS 0x0000000080b00000| PB 0x0000000080b00000| Untracked 
|  12|0x0000000080c00000, 0x0000000080c00000, 0x0000000080d00000|  0%| F|  |TAMS 0x0000000080c00000| PB 0x0000000080c00000| Untracked 
|  13|0x0000000080d00000, 0x0000000080d00000, 0x0000000080e00000|  0%| F|  |TAMS 0x0000000080d00000| PB 0x0000000080d00000| Untracked 
|  14|0x0000000080e00000, 0x0000000080e00000, 0x0000000080f00000|  0%| F|  |TAMS 0x0000000080e00000| PB 0x0000000080e00000| Untracked 
|  15|0x0000000080f00000, 0x0000000080f00000, 0x0000000081000000|  0%| F|  |TAMS 0x0000000080f00000| PB 0x0000000080f00000| Untracked 
|  16|0x0000000081000000, 0x0000000081000000, 0x0000000081100000|  0%| F|  |TAMS 0x0000000081000000| PB 0x0000000081000000| Untracked 
|  17|0x0000000081100000, 0x0000000081100000, 0x0000000081200000|  0%| F|  |TAMS 0x0000000081100000| PB 0x0000000081100000| Untracked 
|  18|0x0000000081200000, 0x0000000081200000, 0x0000000081300000|  0%| F|  |TAMS 0x0000000081200000| PB 0x0000000081200000| Untracked 
|  19|0x0000000081300000, 0x0000000081300000, 0x0000000081400000|  0%| F|  |TAMS 0x0000000081300000| PB 0x0000000081300000| Untracked 
|  20|0x0000000081400000, 0x0000000081400000, 0x0000000081500000|  0%| F|  |TAMS 0x0000000081400000| PB 0x0000000081400000| Untracked 
|  21|0x0000000081500000, 0x0000000081500000, 0x0000000081600000|  0%| F|  |TAMS 0x0000000081500000| PB 0x0000000081500000| Untracked 
|  22|0x0000000081600000, 0x0000000081600000, 0x0000000081700000|  0%| F|  |TAMS 0x0000000081600000| PB 0x0000000081600000| Untracked 
|  23|0x0000000081700000, 0x0000000081700000, 0x0000000081800000|  0%| F|  |TAMS 0x0000000081700000| PB 0x0000000081700000| Untracked 
|  24|0x0000000081800000, 0x0000000081800000, 0x0000000081900000|  0%| F|  |TAMS 0x0000000081800000| PB 0x0000000081800000| Untracked 
|  25|0x0000000081900000, 0x0000000081900000, 0x0000000081a00000|  0%| F|  |TAMS 0x0000000081900000| PB 0x0000000081900000| Untracked 
|  26|0x0000000081a00000, 0x0000000081a00000, 0x0000000081b00000|  0%| F|  |TAMS 0x0000000081a00000| PB 0x0000000081a00000| Untracked 
|  27|0x0000000081b00000, 0x0000000081b00000, 0x0000000081c00000|  0%| F|  |TAMS 0x0000000081b00000| PB 0x0000000081b00000| Untracked 
|  28|0x0000000081c00000, 0x0000000081c00000, 0x0000000081d00000|  0%| F|  |TAMS 0x0000000081c00000| PB 0x0000000081c00000| Untracked 
|  29|0x0000000081d00000, 0x0000000081d00000, 0x0000000081e00000|  0%| F|  |TAMS 0x0000000081d00000| PB 0x0000000081d00000| Untracked 
|  30|0x0000000081e00000, 0x0000000081e00000, 0x0000000081f00000|  0%| F|  |TAMS 0x0000000081e00000| PB 0x0000000081e00000| Untracked 
|  31|0x0000000081f00000, 0x0000000081f00000, 0x0000000082000000|  0%| F|  |TAMS 0x0000000081f00000| PB 0x0000000081f00000| Untracked 
|  32|0x0000000082000000, 0x0000000082000000, 0x0000000082100000|  0%| F|  |TAMS 0x0000000082000000| PB 0x0000000082000000| Untracked 
|  33|0x0000000082100000, 0x0000000082100000, 0x0000000082200000|  0%| F|  |TAMS 0x0000000082100000| PB 0x0000000082100000| Untracked 
|  34|0x0000000082200000, 0x0000000082200000, 0x0000000082300000|  0%| F|  |TAMS 0x0000000082200000| PB 0x0000000082200000| Untracked 
|  35|0x0000000082300000, 0x0000000082300000, 0x0000000082400000|  0%| F|  |TAMS 0x0000000082300000| PB 0x0000000082300000| Untracked 
|  36|0x0000000082400000, 0x0000000082400000, 0x0000000082500000|  0%| F|  |TAMS 0x0000000082400000| PB 0x0000000082400000| Untracked 
|  37|0x0000000082500000, 0x0000000082500000, 0x0000000082600000|  0%| F|  |TAMS 0x0000000082500000| PB 0x0000000082500000| Untracked 
|  38|0x0000000082600000, 0x0000000082600000, 0x0000000082700000|  0%| F|  |TAMS 0x0000000082600000| PB 0x0000000082600000| Untracked 
|  39|0x0000000082700000, 0x0000000082700000, 0x0000000082800000|  0%| F|  |TAMS 0x0000000082700000| PB 0x0000000082700000| Untracked 
|  40|0x0000000082800000, 0x0000000082800000, 0x0000000082900000|  0%| F|  |TAMS 0x0000000082800000| PB 0x0000000082800000| Untracked 
|  41|0x0000000082900000, 0x0000000082900000, 0x0000000082a00000|  0%| F|  |TAMS 0x0000000082900000| PB 0x0000000082900000| Untracked 
|  42|0x0000000082a00000, 0x0000000082a00000, 0x0000000082b00000|  0%| F|  |TAMS 0x0000000082a00000| PB 0x0000000082a00000| Untracked 
|  43|0x0000000082b00000, 0x0000000082b00000, 0x0000000082c00000|  0%| F|  |TAMS 0x0000000082b00000| PB 0x0000000082b00000| Untracked 
|  44|0x0000000082c00000, 0x0000000082c00000, 0x0000000082d00000|  0%| F|  |TAMS 0x0000000082c00000| PB 0x0000000082c00000| Untracked 
|  45|0x0000000082d00000, 0x0000000082d00000, 0x0000000082e00000|  0%| F|  |TAMS 0x0000000082d00000| PB 0x0000000082d00000| Untracked 
|  46|0x0000000082e00000, 0x0000000082e00000, 0x0000000082f00000|  0%| F|  |TAMS 0x0000000082e00000| PB 0x0000000082e00000| Untracked 
|  47|0x0000000082f00000, 0x0000000082f00000, 0x0000000083000000|  0%| F|  |TAMS 0x0000000082f00000| PB 0x0000000082f00000| Untracked 
|  48|0x0000000083000000, 0x0000000083000000, 0x0000000083100000|  0%| F|  |TAMS 0x0000000083000000| PB 0x0000000083000000| Untracked 
|  49|0x0000000083100000, 0x0000000083100000, 0x0000000083200000|  0%| F|  |TAMS 0x0000000083100000| PB 0x0000000083100000| Untracked 
|  50|0x0000000083200000, 0x0000000083200000, 0x0000000083300000|  0%| F|  |TAMS 0x0000000083200000| PB 0x0000000083200000| Untracked 
|  51|0x0000000083300000, 0x0000000083300000, 0x0000000083400000|  0%| F|  |TAMS 0x0000000083300000| PB 0x0000000083300000| Untracked 
|  52|0x0000000083400000, 0x0000000083400000, 0x0000000083500000|  0%| F|  |TAMS 0x0000000083400000| PB 0x0000000083400000| Untracked 
|  53|0x0000000083500000, 0x0000000083500000, 0x0000000083600000|  0%| F|  |TAMS 0x0000000083500000| PB 0x0000000083500000| Untracked 
|  54|0x0000000083600000, 0x0000000083600000, 0x0000000083700000|  0%| F|  |TAMS 0x0000000083600000| PB 0x0000000083600000| Untracked 
|  55|0x0000000083700000, 0x0000000083700000, 0x0000000083800000|  0%| F|  |TAMS 0x0000000083700000| PB 0x0000000083700000| Untracked 
|  56|0x0000000083800000, 0x0000000083800000, 0x0000000083900000|  0%| F|  |TAMS 0x0000000083800000| PB 0x0000000083800000| Untracked 
|  57|0x0000000083900000, 0x0000000083900000, 0x0000000083a00000|  0%| F|  |TAMS 0x0000000083900000| PB 0x0000000083900000| Untracked 
|  58|0x0000000083a00000, 0x0000000083a00000, 0x0000000083b00000|  0%| F|  |TAMS 0x0000000083a00000| PB 0x0000000083a00000| Untracked 
|  59|0x0000000083b00000, 0x0000000083b00000, 0x0000000083c00000|  0%| F|  |TAMS 0x0000000083b00000| PB 0x0000000083b00000| Untracked 
|  60|0x0000000083c00000, 0x0000000083c00000, 0x0000000083d00000|  0%| F|  |TAMS 0x0000000083c00000| PB 0x0000000083c00000| Untracked 
|  61|0x0000000083d00000, 0x0000000083d00000, 0x0000000083e00000|  0%| F|  |TAMS 0x0000000083d00000| PB 0x0000000083d00000| Untracked 
|  62|0x0000000083e00000, 0x0000000083e00000, 0x0000000083f00000|  0%| F|  |TAMS 0x0000000083e00000| PB 0x0000000083e00000| Untracked 
|  63|0x0000000083f00000, 0x0000000083f00000, 0x0000000084000000|  0%| F|  |TAMS 0x0000000083f00000| PB 0x0000000083f00000| Untracked 
|  64|0x0000000084000000, 0x0000000084000000, 0x0000000084100000|  0%| F|  |TAMS 0x0000000084000000| PB 0x0000000084000000| Untracked 
|  65|0x0000000084100000, 0x0000000084100000, 0x0000000084200000|  0%| F|  |TAMS 0x0000000084100000| PB 0x0000000084100000| Untracked 
|  66|0x0000000084200000, 0x0000000084200000, 0x0000000084300000|  0%| F|  |TAMS 0x0000000084200000| PB 0x0000000084200000| Untracked 
|  67|0x0000000084300000, 0x0000000084300000, 0x0000000084400000|  0%| F|  |TAMS 0x0000000084300000| PB 0x0000000084300000| Untracked 
|  68|0x0000000084400000, 0x0000000084400000, 0x0000000084500000|  0%| F|  |TAMS 0x0000000084400000| PB 0x0000000084400000| Untracked 
|  69|0x0000000084500000, 0x0000000084500000, 0x0000000084600000|  0%| F|  |TAMS 0x0000000084500000| PB 0x0000000084500000| Untracked 
|  70|0x0000000084600000, 0x0000000084600000, 0x0000000084700000|  0%| F|  |TAMS 0x0000000084600000| PB 0x0000000084600000| Untracked 
|  71|0x0000000084700000, 0x0000000084700000, 0x0000000084800000|  0%| F|  |TAMS 0x0000000084700000| PB 0x0000000084700000| Untracked 
|  72|0x0000000084800000, 0x0000000084800000, 0x0000000084900000|  0%| F|  |TAMS 0x0000000084800000| PB 0x0000000084800000| Untracked 
|  73|0x0000000084900000, 0x0000000084900000, 0x0000000084a00000|  0%| F|  |TAMS 0x0000000084900000| PB 0x0000000084900000| Untracked 
|  74|0x0000000084a00000, 0x0000000084a00000, 0x0000000084b00000|  0%| F|  |TAMS 0x0000000084a00000| PB 0x0000000084a00000| Untracked 
|  75|0x0000000084b00000, 0x0000000084b00000, 0x0000000084c00000|  0%| F|  |TAMS 0x0000000084b00000| PB 0x0000000084b00000| Untracked 
|  76|0x0000000084c00000, 0x0000000084c00000, 0x0000000084d00000|  0%| F|  |TAMS 0x0000000084c00000| PB 0x0000000084c00000| Untracked 
|  77|0x0000000084d00000, 0x0000000084d00000, 0x0000000084e00000|  0%| F|  |TAMS 0x0000000084d00000| PB 0x0000000084d00000| Untracked 
|  78|0x0000000084e00000, 0x0000000084e00000, 0x0000000084f00000|  0%| F|  |TAMS 0x0000000084e00000| PB 0x0000000084e00000| Untracked 
|  79|0x0000000084f00000, 0x0000000084f00000, 0x0000000085000000|  0%| F|  |TAMS 0x0000000084f00000| PB 0x0000000084f00000| Untracked 
|  80|0x0000000085000000, 0x0000000085000000, 0x0000000085100000|  0%| F|  |TAMS 0x0000000085000000| PB 0x0000000085000000| Untracked 
|  81|0x0000000085100000, 0x0000000085100000, 0x0000000085200000|  0%| F|  |TAMS 0x0000000085100000| PB 0x0000000085100000| Untracked 
|  82|0x0000000085200000, 0x0000000085200000, 0x0000000085300000|  0%| F|  |TAMS 0x0000000085200000| PB 0x0000000085200000| Untracked 
|  83|0x0000000085300000, 0x0000000085300000, 0x0000000085400000|  0%| F|  |TAMS 0x0000000085300000| PB 0x0000000085300000| Untracked 
|  84|0x0000000085400000, 0x0000000085400000, 0x0000000085500000|  0%| F|  |TAMS 0x0000000085400000| PB 0x0000000085400000| Untracked 
|  85|0x0000000085500000, 0x0000000085500000, 0x0000000085600000|  0%| F|  |TAMS 0x0000000085500000| PB 0x0000000085500000| Untracked 
|  86|0x0000000085600000, 0x0000000085600000, 0x0000000085700000|  0%| F|  |TAMS 0x0000000085600000| PB 0x0000000085600000| Untracked 
|  87|0x0000000085700000, 0x0000000085700000, 0x0000000085800000|  0%| F|  |TAMS 0x0000000085700000| PB 0x0000000085700000| Untracked 
|  88|0x0000000085800000, 0x0000000085800000, 0x0000000085900000|  0%| F|  |TAMS 0x0000000085800000| PB 0x0000000085800000| Untracked 
|  89|0x0000000085900000, 0x0000000085900000, 0x0000000085a00000|  0%| F|  |TAMS 0x0000000085900000| PB 0x0000000085900000| Untracked 
|  90|0x0000000085a00000, 0x0000000085a00000, 0x0000000085b00000|  0%| F|  |TAMS 0x0000000085a00000| PB 0x0000000085a00000| Untracked 
|  91|0x0000000085b00000, 0x0000000085b00000, 0x0000000085c00000|  0%| F|  |TAMS 0x0000000085b00000| PB 0x0000000085b00000| Untracked 
|  92|0x0000000085c00000, 0x0000000085c00000, 0x0000000085d00000|  0%| F|  |TAMS 0x0000000085c00000| PB 0x0000000085c00000| Untracked 
|  93|0x0000000085d00000, 0x0000000085d00000, 0x0000000085e00000|  0%| F|  |TAMS 0x0000000085d00000| PB 0x0000000085d00000| Untracked 
|  94|0x0000000085e00000, 0x0000000085e00000, 0x0000000085f00000|  0%| F|  |TAMS 0x0000000085e00000| PB 0x0000000085e00000| Untracked 
|  95|0x0000000085f00000, 0x0000000085f00000, 0x0000000086000000|  0%| F|  |TAMS 0x0000000085f00000| PB 0x0000000085f00000| Untracked 
|  96|0x0000000086000000, 0x0000000086000000, 0x0000000086100000|  0%| F|  |TAMS 0x0000000086000000| PB 0x0000000086000000| Untracked 
|  97|0x0000000086100000, 0x0000000086100000, 0x0000000086200000|  0%| F|  |TAMS 0x0000000086100000| PB 0x0000000086100000| Untracked 
|  98|0x0000000086200000, 0x0000000086200000, 0x0000000086300000|  0%| F|  |TAMS 0x0000000086200000| PB 0x0000000086200000| Untracked 
|  99|0x0000000086300000, 0x0000000086300000, 0x0000000086400000|  0%| F|  |TAMS 0x0000000086300000| PB 0x0000000086300000| Untracked 
| 100|0x0000000086400000, 0x0000000086400000, 0x0000000086500000|  0%| F|  |TAMS 0x0000000086400000| PB 0x0000000086400000| Untracked 
| 101|0x0000000086500000, 0x0000000086500000, 0x0000000086600000|  0%| F|  |TAMS 0x0000000086500000| PB 0x0000000086500000| Untracked 
| 102|0x0000000086600000, 0x0000000086600000, 0x0000000086700000|  0%| F|  |TAMS 0x0000000086600000| PB 0x0000000086600000| Untracked 
| 103|0x0000000086700000, 0x0000000086700000, 0x0000000086800000|  0%| F|  |TAMS 0x0000000086700000| PB 0x0000000086700000| Untracked 
| 104|0x0000000086800000, 0x0000000086800000, 0x0000000086900000|  0%| F|  |TAMS 0x0000000086800000| PB 0x0000000086800000| Untracked 
| 105|0x0000000086900000, 0x0000000086900000, 0x0000000086a00000|  0%| F|  |TAMS 0x0000000086900000| PB 0x0000000086900000| Untracked 
| 106|0x0000000086a00000, 0x0000000086a00000, 0x0000000086b00000|  0%| F|  |TAMS 0x0000000086a00000| PB 0x0000000086a00000| Untracked 
| 107|0x0000000086b00000, 0x0000000086b00000, 0x0000000086c00000|  0%| F|  |TAMS 0x0000000086b00000| PB 0x0000000086b00000| Untracked 
| 108|0x0000000086c00000, 0x0000000086c00000, 0x0000000086d00000|  0%| F|  |TAMS 0x0000000086c00000| PB 0x0000000086c00000| Untracked 
| 109|0x0000000086d00000, 0x0000000086d00000, 0x0000000086e00000|  0%| F|  |TAMS 0x0000000086d00000| PB 0x0000000086d00000| Untracked 
| 110|0x0000000086e00000, 0x0000000086e00000, 0x0000000086f00000|  0%| F|  |TAMS 0x0000000086e00000| PB 0x0000000086e00000| Untracked 
| 111|0x0000000086f00000, 0x0000000086f00000, 0x0000000087000000|  0%| F|  |TAMS 0x0000000086f00000| PB 0x0000000086f00000| Untracked 
| 112|0x0000000087000000, 0x0000000087000000, 0x0000000087100000|  0%| F|  |TAMS 0x0000000087000000| PB 0x0000000087000000| Untracked 
| 113|0x0000000087100000, 0x0000000087100000, 0x0000000087200000|  0%| F|  |TAMS 0x0000000087100000| PB 0x0000000087100000| Untracked 
| 114|0x0000000087200000, 0x0000000087200000, 0x0000000087300000|  0%| F|  |TAMS 0x0000000087200000| PB 0x0000000087200000| Untracked 
| 115|0x0000000087300000, 0x0000000087300000, 0x0000000087400000|  0%| F|  |TAMS 0x0000000087300000| PB 0x0000000087300000| Untracked 
| 116|0x0000000087400000, 0x0000000087400000, 0x0000000087500000|  0%| F|  |TAMS 0x0000000087400000| PB 0x0000000087400000| Untracked 
| 117|0x0000000087500000, 0x0000000087500000, 0x0000000087600000|  0%| F|  |TAMS 0x0000000087500000| PB 0x0000000087500000| Untracked 
| 118|0x0000000087600000, 0x0000000087600000, 0x0000000087700000|  0%| F|  |TAMS 0x0000000087600000| PB 0x0000000087600000| Untracked 
| 119|0x0000000087700000, 0x00000000877182a8, 0x0000000087800000|  9%| E|  |TAMS 0x0000000087700000| PB 0x0000000087700000| Complete 
| 120|0x0000000087800000, 0x0000000087900000, 0x0000000087900000|100%| E|CS|TAMS 0x0000000087800000| PB 0x0000000087800000| Complete 
| 121|0x0000000087900000, 0x0000000087a00000, 0x0000000087a00000|100%| E|CS|TAMS 0x0000000087900000| PB 0x0000000087900000| Complete 
| 122|0x0000000087a00000, 0x0000000087b00000, 0x0000000087b00000|100%| E|CS|TAMS 0x0000000087a00000| PB 0x0000000087a00000| Complete 
| 123|0x0000000087b00000, 0x0000000087c00000, 0x0000000087c00000|100%| E|CS|TAMS 0x0000000087b00000| PB 0x0000000087b00000| Complete 
| 124|0x0000000087c00000, 0x0000000087d00000, 0x0000000087d00000|100%| E|CS|TAMS 0x0000000087c00000| PB 0x0000000087c00000| Complete 
| 125|0x0000000087d00000, 0x0000000087e00000, 0x0000000087e00000|100%| E|CS|TAMS 0x0000000087d00000| PB 0x0000000087d00000| Complete 
| 126|0x0000000087e00000, 0x0000000087f00000, 0x0000000087f00000|100%| E|CS|TAMS 0x0000000087e00000| PB 0x0000000087e00000| Complete 
| 127|0x0000000087f00000, 0x0000000088000000, 0x0000000088000000|100%| E|CS|TAMS 0x0000000087f00000| PB 0x0000000087f00000| Complete 

Card table byte_map: [0x000001f428210000,0x000001f428610000] _byte_map_base: 0x000001f427e10000

Marking Bits: (CMBitMap*) 0x000001f4148c6df0
 Bits: [0x000001f428610000, 0x000001f42a610000)

Polling page: 0x000001f4126b0000

Metaspace:

Usage:
  Non-class:      7.79 MB used.
      Class:    991.79 KB used.
       Both:      8.76 MB used.

Virtual space:
  Non-class space:       64.00 MB reserved,       8.25 MB ( 13%) committed,  1 nodes.
      Class space:        1.00 GB reserved,       1.25 MB ( <1%) committed,  1 nodes.
             Both:        1.06 GB reserved,       9.50 MB ( <1%) committed. 

Chunk freelists:
   Non-Class:  7.27 MB
       Class:  14.72 MB
        Both:  22.00 MB

MaxMetaspaceSize: unlimited
CompressedClassSpaceSize: 1.00 GB
Initial GC threshold: 21.00 MB
Current GC threshold: 21.00 MB
CDS: on
 - commit_granule_bytes: 65536.
 - commit_granule_words: 8192.
 - virtual_space_node_default_size: 8388608.
 - enlarge_chunks_in_place: 1.
 - use_allocation_guard: 0.


Internal statistics:

num_allocs_failed_limit: 0.
num_arena_births: 520.
num_arena_deaths: 256.
num_vsnodes_births: 2.
num_vsnodes_deaths: 0.
num_space_committed: 152.
num_space_uncommitted: 0.
num_chunks_returned_to_freelist: 327.
num_chunks_taken_from_freelist: 894.
num_chunk_merges: 82.
num_chunk_splits: 554.
num_chunks_enlarged: 269.
num_inconsistent_stats: 0.

CodeHeap 'non-profiled nmethods': size=120000Kb used=1250Kb max_used=1250Kb free=118749Kb
 bounds [0x000001f420390000, 0x000001f420600000, 0x000001f4278c0000]
CodeHeap 'profiled nmethods': size=120000Kb used=4493Kb max_used=5170Kb free=115506Kb
 bounds [0x000001f4188c0000, 0x000001f418dd0000, 0x000001f41fdf0000]
CodeHeap 'non-nmethods': size=5760Kb used=1374Kb max_used=1421Kb free=4386Kb
 bounds [0x000001f41fdf0000, 0x000001f420060000, 0x000001f420390000]
CodeCache: size=245760Kb, used=7117Kb, max_used=7841Kb, free=238641Kb
 total_blobs=2903, nmethods=2371, adapters=436, full_count=0
Compilation: enabled, stopped_count=0, restarted_count=0

Compilation events (20 events):
Event: 10403.325 Thread 0x000001f42d2aad60 2676   !   3       sun.rmi.transport.ObjectTable::referenced (62 bytes)
Event: 10403.355 Thread 0x000001f42d2aad60 nmethod 2676 0x000001f418912990 code [0x000001f418912bc0, 0x000001f4189133e8]
Event: 10403.355 Thread 0x000001f42d2aad60 2677  s    3       sun.rmi.transport.Target::referenced (128 bytes)
Event: 10403.398 Thread 0x000001f42d2aad60 nmethod 2677 0x000001f418909190 code [0x000001f4189094e0, 0x000001f41890aac8]
Event: 10453.665 Thread 0x000001f42d2aad60 2679       3       java.io.ObjectStreamClass::checkInitialized (19 bytes)
Event: 10453.692 Thread 0x000001f42d2aad60 nmethod 2679 0x000001f418abbe10 code [0x000001f418abbfc0, 0x000001f418abc190]
Event: 10461.695 Thread 0x000001f42d2aad60 2680   !   3       sun.rmi.transport.ObjectTable::unreferenced (64 bytes)
Event: 10461.724 Thread 0x000001f42d2aad60 nmethod 2680 0x000001f4188c7a10 code [0x000001f4188c7c40, 0x000001f4188c8488]
Event: 10468.629 Thread 0x000001f42d2aad60 2681   !   3       sun.rmi.transport.DGCImpl::unregisterTarget (52 bytes)
Event: 10468.635 Thread 0x000001f42d2aad60 nmethod 2681 0x000001f418924610 code [0x000001f4189247e0, 0x000001f418924cb8]
Event: 10502.626 Thread 0x000001f42d2aad60 2682       3       sun.net.util.IPAddressUtil::digit (18 bytes)
Event: 10502.643 Thread 0x000001f42d2aad60 nmethod 2682 0x000001f4188cf510 code [0x000001f4188cf6c0, 0x000001f4188cf7e8]
Event: 10540.619 Thread 0x000001f42d2a7eb0 2683       4       sun.rmi.transport.ObjectEndpoint::hashCode (27 bytes)
Event: 10540.641 Thread 0x000001f42d2a7eb0 nmethod 2683 0x000001f4203ba390 code [0x000001f4203ba520, 0x000001f4203ba628]
Event: 10667.984 Thread 0x000001f42d2a7eb0 2685       4       sun.rmi.transport.ObjectEndpoint::<init> (60 bytes)
Event: 10668.021 Thread 0x000001f42d2a7eb0 nmethod 2685 0x000001f4203b1790 code [0x000001f4203b1920, 0x000001f4203b1b90]
Event: 10673.639 Thread 0x000001f42d2a7eb0 2686       4       java.util.concurrent.ThreadPoolExecutor::afterExecute (1 bytes)
Event: 10673.644 Thread 0x000001f42d2a7eb0 nmethod 2686 0x000001f4203be610 code [0x000001f4203be7a0, 0x000001f4203be828]
Event: 10701.875 Thread 0x000001f42d2a7eb0 2687       4       java.util.concurrent.atomic.AtomicLong::getAndIncrement (12 bytes)
Event: 10701.886 Thread 0x000001f42d2a7eb0 nmethod 2687 0x000001f4203b1490 code [0x000001f4203b1620, 0x000001f4203b16b0]

GC Heap History (9 events):
Event: 11.486 GC heap before
{Heap before GC invocations=0 (full 0):
 garbage-first heap   total 131072K, used 25600K [0x0000000080000000, 0x0000000100000000)
  region size 1024K, 23 young (23552K), 0 survivors (0K)
 Metaspace       used 5248K, committed 5632K, reserved 1114112K
  class space    used 720K, committed 896K, reserved 1048576K
}
Event: 11.497 GC heap after
{Heap after GC invocations=1 (full 0):
 garbage-first heap   total 131072K, used 6964K [0x0000000080000000, 0x0000000100000000)
  region size 1024K, 3 young (3072K), 3 survivors (3072K)
 Metaspace       used 5248K, committed 5632K, reserved 1114112K
  class space    used 720K, committed 896K, reserved 1048576K
}
Event: 3552.993 GC heap before
{Heap before GC invocations=1 (full 0):
 garbage-first heap   total 131072K, used 35636K [0x0000000080000000, 0x0000000100000000)
  region size 1024K, 31 young (31744K), 3 survivors (3072K)
 Metaspace       used 9212K, committed 9664K, reserved 1114112K
  class space    used 1063K, committed 1280K, reserved 1048576K
}
Event: 3553.142 GC heap after
{Heap after GC invocations=2 (full 0):
 garbage-first heap   total 131072K, used 9834K [0x0000000080000000, 0x0000000100000000)
  region size 1024K, 3 young (3072K), 3 survivors (3072K)
 Metaspace       used 9212K, committed 9664K, reserved 1114112K
  class space    used 1063K, committed 1280K, reserved 1048576K
}
Event: 3600.039 GC heap before
{Heap before GC invocations=2 (full 0):
 garbage-first heap   total 131072K, used 9834K [0x0000000080000000, 0x0000000100000000)
  region size 1024K, 4 young (4096K), 3 survivors (3072K)
 Metaspace       used 9213K, committed 9664K, reserved 1114112K
  class space    used 1063K, committed 1280K, reserved 1048576K
}
Event: 3600.262 GC heap after
{Heap after GC invocations=3 (full 1):
 garbage-first heap   total 131072K, used 8360K [0x0000000080000000, 0x0000000100000000)
  region size 1024K, 0 young (0K), 0 survivors (0K)
 Metaspace       used 8921K, committed 9664K, reserved 1114112K
  class space    used 991K, committed 1280K, reserved 1048576K
}
Event: 7200.285 GC heap before
{Heap before GC invocations=3 (full 1):
 garbage-first heap   total 131072K, used 15528K [0x0000000080000000, 0x0000000100000000)
  region size 1024K, 8 young (8192K), 0 survivors (0K)
 Metaspace       used 8937K, committed 9664K, reserved 1114112K
  class space    used 991K, committed 1280K, reserved 1048576K
}
Event: 7200.627 GC heap after
{Heap after GC invocations=4 (full 2):
 garbage-first heap   total 131072K, used 8380K [0x0000000080000000, 0x0000000100000000)
  region size 1024K, 0 young (0K), 0 survivors (0K)
 Metaspace       used 8937K, committed 9664K, reserved 1114112K
  class space    used 991K, committed 1280K, reserved 1048576K
}
Event: 10800.770 GC heap before
{Heap before GC invocations=4 (full 2):
 garbage-first heap   total 131072K, used 16572K [0x0000000080000000, 0x0000000100000000)
  region size 1024K, 9 young (9216K), 0 survivors (0K)
 Metaspace       used 8968K, committed 9728K, reserved 1114112K
  class space    used 991K, committed 1280K, reserved 1048576K
}

Dll operation events (2 events):
Event: 0.023 Loaded shared library C:\Program Files\JetBrains\IntelliJ IDEA 2025.3.2\jbr\bin\java.dll
Event: 0.155 Loaded shared library C:\Program Files\JetBrains\IntelliJ IDEA 2025.3.2\jbr\bin\zip.dll

Deoptimization events (20 events):
Event: 25.051 Thread 0x000001f42d885560 Uncommon trap: trap_request=0xffffffc6 fr.pc=0x000001f4204324a0 relative=0x0000000000000ca0
Event: 25.051 Thread 0x000001f42d885560 Uncommon trap: reason=bimorphic_or_optimized_type_check action=maybe_recompile pc=0x000001f4204324a0 method=java.util.HashMap.putVal(ILjava/lang/Object;Ljava/lang/Object;ZZ)Ljava/lang/Object; @ 56 c2
Event: 25.051 Thread 0x000001f42d885560 DEOPT PACKING pc=0x000001f4204324a0 sp=0x0000004b95bfe190
Event: 25.051 Thread 0x000001f42d885560 DEOPT UNPACKING pc=0x000001f41fe44422 sp=0x0000004b95bfe128 mode 2
Event: 301.583 Thread 0x000001f42d87ec00 Uncommon trap: trap_request=0xffffff45 fr.pc=0x000001f42046db68 relative=0x0000000000000128
Event: 301.583 Thread 0x000001f42d87ec00 Uncommon trap: reason=unstable_if action=reinterpret pc=0x000001f42046db68 method=java.lang.ThreadLocal.get(Ljava/lang/Thread;)Ljava/lang/Object; @ 7 c2
Event: 301.583 Thread 0x000001f42d87ec00 DEOPT PACKING pc=0x000001f42046db68 sp=0x0000004b95dfea70
Event: 301.584 Thread 0x000001f42d87ec00 DEOPT UNPACKING pc=0x000001f41fe44422 sp=0x0000004b95dfe998 mode 2
Event: 571.517 Thread 0x000001f42d87c4a0 Uncommon trap: trap_request=0xffffff45 fr.pc=0x000001f420409bf4 relative=0x0000000000000194
Event: 571.517 Thread 0x000001f42d87cb30 Uncommon trap: trap_request=0xffffff45 fr.pc=0x000001f420409bf4 relative=0x0000000000000194
Event: 571.518 Thread 0x000001f42d87c4a0 Uncommon trap: reason=unstable_if action=reinterpret pc=0x000001f420409bf4 method=java.util.concurrent.ConcurrentHashMap.addCount(JI)V @ 34 c2
Event: 571.518 Thread 0x000001f42d87cb30 Uncommon trap: reason=unstable_if action=reinterpret pc=0x000001f420409bf4 method=java.util.concurrent.ConcurrentHashMap.addCount(JI)V @ 34 c2
Event: 571.518 Thread 0x000001f42d87c4a0 DEOPT PACKING pc=0x000001f420409bf4 sp=0x0000004b941feb40
Event: 571.518 Thread 0x000001f42d87cb30 DEOPT PACKING pc=0x000001f420409bf4 sp=0x0000004b93ffec70
Event: 571.520 Thread 0x000001f42d87cb30 DEOPT UNPACKING pc=0x000001f41fe44422 sp=0x0000004b93ffebd0 mode 2
Event: 571.520 Thread 0x000001f42d87c4a0 DEOPT UNPACKING pc=0x000001f41fe44422 sp=0x0000004b941feaa0 mode 2
Event: 3600.263 Thread 0x000001f42d9abea0 Uncommon trap: trap_request=0xffffff45 fr.pc=0x000001f420473210 relative=0x0000000000000070
Event: 3600.264 Thread 0x000001f42d9abea0 Uncommon trap: reason=unstable_if action=reinterpret pc=0x000001f420473210 method=java.lang.ref.ReferenceQueue.poll()Ljava/lang/ref/Reference; @ 4 c2
Event: 3600.264 Thread 0x000001f42d9abea0 DEOPT PACKING pc=0x000001f420473210 sp=0x0000004b959fe8a0
Event: 3600.264 Thread 0x000001f42d9abea0 DEOPT UNPACKING pc=0x000001f41fe44422 sp=0x0000004b959fe828 mode 2

Classes loaded (20 events):
Event: 11.755 Loading class javax/crypto/spec/PBEKeySpec
Event: 11.756 Loading class javax/crypto/spec/PBEKeySpec done
Event: 11.756 Loading class com/sun/crypto/provider/PBKDF2KeyImpl
Event: 11.756 Loading class javax/crypto/interfaces/PBEKey
Event: 11.756 Loading class javax/crypto/interfaces/PBEKey done
Event: 11.756 Loading class com/sun/crypto/provider/PBKDF2KeyImpl done
Event: 11.757 Loading class com/sun/crypto/provider/PBKDF2KeyImpl$1
Event: 11.757 Loading class com/sun/crypto/provider/PBKDF2KeyImpl$1 done
Event: 11.835 Loading class java/lang/Throwable$PrintStreamOrWriter
Event: 11.836 Loading class java/lang/Throwable$PrintStreamOrWriter done
Event: 24.187 Loading class java/util/SimpleTimeZone
Event: 24.187 Loading class java/util/SimpleTimeZone done
Event: 24.189 Loading class java/time/LocalDateTime$1
Event: 24.190 Loading class java/time/LocalDateTime$1 done
Event: 24.190 Loading class java/time/chrono/IsoEra
Event: 24.190 Loading class java/time/chrono/Era
Event: 24.191 Loading class java/time/chrono/Era done
Event: 24.191 Loading class java/time/chrono/IsoEra done
Event: 24.561 Loading class java/lang/invoke/BoundMethodHandle$Species_LI
Event: 24.561 Loading class java/lang/invoke/BoundMethodHandle$Species_LI done

Classes unloaded (20 events):
Event: 3600.095 Thread 0x000001f41250f050 Unloading class 0x000001f43008cc00 'java/lang/invoke/LambdaForm$MH+0x000001f43008cc00'
Event: 3600.095 Thread 0x000001f41250f050 Unloading class 0x000001f43008c400 'java/lang/invoke/LambdaForm$MH+0x000001f43008c400'
Event: 3600.095 Thread 0x000001f41250f050 Unloading class 0x000001f43008bc00 'java/lang/invoke/LambdaForm$MH+0x000001f43008bc00'
Event: 3600.095 Thread 0x000001f41250f050 Unloading class 0x000001f43008b400 'java/lang/invoke/LambdaForm$MH+0x000001f43008b400'
Event: 3600.095 Thread 0x000001f41250f050 Unloading class 0x000001f43008ac00 'java/lang/invoke/LambdaForm$MH+0x000001f43008ac00'
Event: 3600.095 Thread 0x000001f41250f050 Unloading class 0x000001f43008a400 'java/lang/invoke/LambdaForm$MH+0x000001f43008a400'
Event: 3600.095 Thread 0x000001f41250f050 Unloading class 0x000001f430089c00 'java/lang/invoke/LambdaForm$MH+0x000001f430089c00'
Event: 3600.095 Thread 0x000001f41250f050 Unloading class 0x000001f430089000 'java/lang/invoke/LambdaForm$MH+0x000001f430089000'
Event: 3600.095 Thread 0x000001f41250f050 Unloading class 0x000001f430088c00 'java/lang/invoke/LambdaForm$MH+0x000001f430088c00'
Event: 3600.095 Thread 0x000001f41250f050 Unloading class 0x000001f430088400 'java/lang/invoke/LambdaForm$MH+0x000001f430088400'
Event: 3600.095 Thread 0x000001f41250f050 Unloading class 0x000001f430085400 'java/lang/invoke/LambdaForm$DMH+0x000001f430085400'
Event: 3600.095 Thread 0x000001f41250f050 Unloading class 0x000001f430084400 'java/lang/invoke/LambdaForm$MH+0x000001f430084400'
Event: 3600.095 Thread 0x000001f41250f050 Unloading class 0x000001f430084000 'java/lang/invoke/LambdaForm$MH+0x000001f430084000'
Event: 3600.095 Thread 0x000001f41250f050 Unloading class 0x000001f430080c00 'java/lang/invoke/LambdaForm$MH+0x000001f430080c00'
Event: 3600.095 Thread 0x000001f41250f050 Unloading class 0x000001f43003f400 'java/lang/invoke/LambdaForm$MH+0x000001f43003f400'
Event: 3600.095 Thread 0x000001f41250f050 Unloading class 0x000001f43003f000 'java/lang/invoke/LambdaForm$MH+0x000001f43003f000'
Event: 3600.095 Thread 0x000001f41250f050 Unloading class 0x000001f43003dc00 'java/lang/invoke/LambdaForm$MH+0x000001f43003dc00'
Event: 3600.095 Thread 0x000001f41250f050 Unloading class 0x000001f43003d800 'java/lang/invoke/LambdaForm$MH+0x000001f43003d800'
Event: 3600.096 Thread 0x000001f41250f050 Unloading class 0x000001f43003c400 'java/lang/invoke/LambdaForm$MH+0x000001f43003c400'
Event: 3600.096 Thread 0x000001f41250f050 Unloading class 0x000001f430004400 'java/lang/invoke/LambdaForm$MH+0x000001f430004400'

Classes redefined (0 events):
No events

Internal exceptions (20 events):
Event: 11.500 Thread 0x000001f42d885560 Exception <a 'java/lang/NoSuchMethodError'{0x0000000087f0bc20}: 'java.lang.Object java.lang.invoke.Invokers$Holder.invokeExact_MT(java.lang.Object, java.lang.Object, java.lang.Object, java.lang.Object, java.lang.Object)'> (0x0000000087f0bc20) 
thrown [s\src\hotspot\share\interpreter\linkResolver.cpp, line 784]
Event: 11.545 Thread 0x000001f42d885560 Exception <a 'java/lang/NoSuchMethodError'{0x0000000087ff1528}: 'java.lang.Object java.lang.invoke.DirectMethodHandle$Holder.invokeVirtual(java.lang.Object, java.lang.Object, java.lang.Object, java.lang.Object)'> (0x0000000087ff1528) 
thrown [s\src\hotspot\share\interpreter\linkResolver.cpp, line 784]
Event: 11.546 Thread 0x000001f42d885560 Exception <a 'java/lang/NoSuchMethodError'{0x0000000087ff9070}: 'void java.lang.invoke.DirectMethodHandle$Holder.invokeStatic(java.lang.Object, java.lang.Object, java.lang.Object, java.lang.Object)'> (0x0000000087ff9070) 
thrown [s\src\hotspot\share\interpreter\linkResolver.cpp, line 784]
Event: 11.563 Thread 0x000001f42d885560 Exception <a 'java/lang/IncompatibleClassChangeError'{0x0000000087e69850}: Found class java.lang.Object, but interface was expected> (0x0000000087e69850) 
thrown [s\src\hotspot\share\interpreter\linkResolver.cpp, line 851]
Event: 11.748 Thread 0x000001f42d885560 Exception <a 'sun/nio/fs/WindowsException'{0x0000000087be5b48}> (0x0000000087be5b48) 
thrown [s\src\hotspot\share\prims\jni.cpp, line 537]
Event: 11.842 Thread 0x000001f42d885560 Exception <a 'java/lang/NoSuchMethodError'{0x0000000087a8cec8}: static [Ljava/lang/StackTraceElement;.<clinit>()V> (0x0000000087a8cec8) 
thrown [s\src\hotspot\share\prims\jni.cpp, line 1144]
Event: 24.152 Thread 0x000001f42d885560 Implicit null exception at 0x000001f4204227a8 to 0x000001f420423200
Event: 24.255 Thread 0x000001f42d885560 Exception <a 'java/lang/NoSuchMethodError'{0x0000000087624e68}: 'java.lang.Object java.lang.invoke.DirectMethodHandle$Holder.newInvokeSpecial(java.lang.Object, java.lang.Object, int)'> (0x0000000087624e68) 
thrown [s\src\hotspot\share\interpreter\linkResolver.cpp, line 784]
Event: 24.356 Thread 0x000001f42d885560 Exception <a 'java/lang/NoSuchMethodError'{0x0000000087590428}: 'void java.lang.invoke.DirectMethodHandle$Holder.invokeInterface(java.lang.Object, java.lang.Object, java.lang.Object, java.lang.Object)'> (0x0000000087590428) 
thrown [s\src\hotspot\share\interpreter\linkResolver.cpp, line 784]
Event: 24.357 Thread 0x000001f42d885560 Exception <a 'java/lang/NoSuchMethodError'{0x0000000087594088}: 'void java.lang.invoke.DirectMethodHandle$Holder.invokeSpecial(java.lang.Object, java.lang.Object, java.lang.Object, java.lang.Object, java.lang.Object)'> (0x0000000087594088) 
thrown [s\src\hotspot\share\interpreter\linkResolver.cpp, line 784]
Event: 24.560 Thread 0x000001f42d885560 Exception <a 'java/lang/NoSuchMethodError'{0x000000008732bad0}: 'int java.lang.invoke.DirectMethodHandle$Holder.invokeInterface(java.lang.Object, java.lang.Object, int)'> (0x000000008732bad0) 
thrown [s\src\hotspot\share\interpreter\linkResolver.cpp, line 784]
Event: 24.561 Thread 0x000001f42d885560 Exception <a 'java/lang/NoSuchMethodError'{0x000000008732ff20}: 'int java.lang.invoke.DirectMethodHandle$Holder.invokeSpecial(java.lang.Object, java.lang.Object, java.lang.Object, int)'> (0x000000008732ff20) 
thrown [s\src\hotspot\share\interpreter\linkResolver.cpp, line 784]
Event: 24.562 Thread 0x000001f42d885560 Exception <a 'java/lang/NoSuchMethodError'{0x0000000087342400}: 'java.lang.Object java.lang.invoke.DirectMethodHandle$Holder.invokeStatic(java.lang.Object, java.lang.Object, java.lang.Object, java.lang.Object, int)'> (0x0000000087342400) 
thrown [s\src\hotspot\share\interpreter\linkResolver.cpp, line 784]
Event: 24.577 Thread 0x000001f42d885560 Exception <a 'java/lang/NoSuchMethodError'{0x000000008736d658}: 'void java.lang.invoke.DirectMethodHandle$Holder.invokeInterface(java.lang.Object, java.lang.Object, int)'> (0x000000008736d658) 
thrown [s\src\hotspot\share\interpreter\linkResolver.cpp, line 784]
Event: 24.577 Thread 0x000001f42d885560 Exception <a 'java/lang/NoSuchMethodError'{0x00000000873714e0}: 'void java.lang.invoke.DelegatingMethodHandle$Holder.reinvoke_L(java.lang.Object, java.lang.Object, int)'> (0x00000000873714e0) 
thrown [s\src\hotspot\share\interpreter\linkResolver.cpp, line 784]
Event: 24.870 Thread 0x000001f42d885560 Exception <a 'java/lang/NoSuchMethodError'{0x000000008715cbf0}: 'java.lang.Object java.lang.invoke.DirectMethodHandle$Holder.invokeInterface(java.lang.Object, java.lang.Object, int)'> (0x000000008715cbf0) 
thrown [s\src\hotspot\share\interpreter\linkResolver.cpp, line 784]
Event: 24.880 Thread 0x000001f42d885560 Exception <a 'java/lang/NoSuchMethodError'{0x00000000871b0f80}: static [Ljava/lang/Object;.<clinit>()V> (0x00000000871b0f80) 
thrown [s\src\hotspot\share\prims\jni.cpp, line 1144]
Event: 25.081 Thread 0x000001f42d885560 Exception <a 'java/lang/NoSuchMethodError'{0x00000000870394f8}: 'int java.lang.invoke.DirectMethodHandle$Holder.invokeInterface(java.lang.Object, java.lang.Object, int, int)'> (0x00000000870394f8) 
thrown [s\src\hotspot\share\interpreter\linkResolver.cpp, line 784]
Event: 25.088 Thread 0x000001f42d885560 Exception <a 'java/lang/NoSuchMethodError'{0x00000000870545a0}: static Lcom/intellij/database/remote/jdbc/RemoteResultSet$DataRetrievingOptions;.<clinit>()V> (0x00000000870545a0) 
thrown [s\src\hotspot\share\prims\jni.cpp, line 1144]
Event: 301.582 Thread 0x000001f42d87ec00 Implicit null exception at 0x000001f42046da8b to 0x000001f42046db50

ZGC Phase Switch (0 events):
No events

VM Operations (20 events):
Event: 6602.396 Executing VM operation: Cleanup done
Event: 6651.868 Executing VM operation: Cleanup
Event: 6651.870 Executing VM operation: Cleanup done
Event: 6768.938 Executing VM operation: Cleanup
Event: 6768.939 Executing VM operation: Cleanup done
Event: 7200.278 Executing VM operation: G1CollectFull (System.gc())
Event: 7200.628 Executing VM operation: G1CollectFull (System.gc()) done
Event: 9861.684 Executing VM operation: HandshakeAllThreads (HandshakeForDeflation)
Event: 9861.686 Executing VM operation: HandshakeAllThreads (HandshakeForDeflation) done
Event: 9861.686 Executing VM operation: RendezvousGCThreads
Event: 9861.686 Executing VM operation: RendezvousGCThreads done
Event: 10035.047 Executing VM operation: Cleanup
Event: 10035.055 Executing VM operation: Cleanup done
Event: 10215.318 Executing VM operation: Cleanup
Event: 10215.320 Executing VM operation: Cleanup done
Event: 10703.455 Executing VM operation: HandshakeAllThreads (HandshakeForDeflation)
Event: 10703.456 Executing VM operation: HandshakeAllThreads (HandshakeForDeflation) done
Event: 10703.456 Executing VM operation: RendezvousGCThreads
Event: 10703.456 Executing VM operation: RendezvousGCThreads done
Event: 10800.758 Executing VM operation: G1CollectFull (System.gc())

Memory protections (0 events):
No events

Nmethod flushes (20 events):
Event: 7200.601 Thread 0x000001f41250f050 flushing  nmethod 0x000001f418b76d90
Event: 7200.602 Thread 0x000001f41250f050 flushing  nmethod 0x000001f418b78090
Event: 7200.602 Thread 0x000001f41250f050 flushing  nmethod 0x000001f418b78510
Event: 7200.602 Thread 0x000001f41250f050 flushing  nmethod 0x000001f418b7a110
Event: 7200.602 Thread 0x000001f41250f050 flushing  nmethod 0x000001f418b93210
Event: 7200.602 Thread 0x000001f41250f050 flushing  nmethod 0x000001f418b93d90
Event: 7200.603 Thread 0x000001f41250f050 flushing  nmethod 0x000001f418b94790
Event: 7200.603 Thread 0x000001f41250f050 flushing  nmethod 0x000001f418b95310
Event: 7200.603 Thread 0x000001f41250f050 flushing  nmethod 0x000001f418b99610
Event: 7200.603 Thread 0x000001f41250f050 flushing  nmethod 0x000001f418b99b10
Event: 7200.603 Thread 0x000001f41250f050 flushing  nmethod 0x000001f418b9d290
Event: 7200.603 Thread 0x000001f41250f050 flushing  nmethod 0x000001f418b9e110
Event: 7200.603 Thread 0x000001f41250f050 flushing  nmethod 0x000001f418b9e710
Event: 7200.603 Thread 0x000001f41250f050 flushing  nmethod 0x000001f418c32610
Event: 7200.603 Thread 0x000001f41250f050 flushing  nmethod 0x000001f418c33e90
Event: 7200.603 Thread 0x000001f41250f050 flushing  nmethod 0x000001f418c44290
Event: 7200.603 Thread 0x000001f41250f050 flushing  nmethod 0x000001f418c46810
Event: 7200.603 Thread 0x000001f41250f050 flushing  nmethod 0x000001f418c48310
Event: 7200.603 Thread 0x000001f41250f050 flushing  nmethod 0x000001f418c48710
Event: 7200.603 Thread 0x000001f41250f050 flushing  nmethod 0x000001f418c78c10

Events (20 events):
Event: 2774.118 Thread 0x000001f42d9c57c0 Thread added: 0x000001f42d87f920
Event: 2856.611 Thread 0x000001f42d87c4a0 Thread exited: 0x000001f42d87c4a0
Event: 5982.008 Thread 0x000001f42d9c57c0 Thread added: 0x000001f42d87dee0
Event: 6065.096 Thread 0x000001f42d87f920 Thread exited: 0x000001f42d87f920
Event: 6272.546 Thread 0x000001f42d9c57c0 Thread added: 0x000001f42d87c4a0
Event: 6350.201 Thread 0x000001f42d87dee0 Thread exited: 0x000001f42d87dee0
Event: 6488.872 Thread 0x000001f42d9c57c0 Thread added: 0x000001f42d87f920
Event: 6575.307 Thread 0x000001f42d87c4a0 Thread exited: 0x000001f42d87c4a0
Event: 8836.659 Thread 0x000001f42d9c57c0 Thread added: 0x000001f42d87c4a0
Event: 8917.913 Thread 0x000001f42d87f920 Thread exited: 0x000001f42d87f920
Event: 9324.192 Thread 0x000001f42d9c57c0 Thread added: 0x000001f42d87f920
Event: 9413.158 Thread 0x000001f42d87c4a0 Thread exited: 0x000001f42d87c4a0
Event: 9739.627 Thread 0x000001f42d9c57c0 Thread added: 0x000001f42d87d850
Event: 9893.641 Thread 0x000001f42d87d850 Thread exited: 0x000001f42d87d850
Event: 10254.418 Thread 0x000001f42d9c57c0 Thread added: 0x000001f42d87c4a0
Event: 10344.297 Thread 0x000001f42d87f920 Thread exited: 0x000001f42d87f920
Event: 10403.257 Thread 0x000001f42da3ff20 Thread added: 0x000001f42d87cb30
Event: 10463.267 Thread 0x000001f42d9abea0 Thread exited: 0x000001f42d9abea0
Event: 10692.755 Thread 0x000001f42d9c57c0 Thread added: 0x000001f42d87f920
Event: 10767.920 Thread 0x000001f42d87f920 Thread exited: 0x000001f42d87f920


Dynamic libraries:
0x00007ff75c210000 - 0x00007ff75c21a000 	C:\Program Files\JetBrains\IntelliJ IDEA 2025.3.2\jbr\bin\java.exe
0x00007fff27f40000 - 0x00007fff281a7000 	C:\WINDOWS\SYSTEM32\ntdll.dll
0x00007fff25cd0000 - 0x00007fff25d99000 	C:\WINDOWS\System32\KERNEL32.DLL
0x00007fff25620000 - 0x00007fff25a14000 	C:\WINDOWS\System32\KERNELBASE.dll
0x00007fff251f0000 - 0x00007fff2533b000 	C:\WINDOWS\System32\ucrtbase.dll
0x00007ffe96a60000 - 0x00007ffe96a7b000 	C:\Program Files\JetBrains\IntelliJ IDEA 2025.3.2\jbr\bin\VCRUNTIME140.dll
0x00007fff0c7f0000 - 0x00007fff0c808000 	C:\Program Files\JetBrains\IntelliJ IDEA 2025.3.2\jbr\bin\jli.dll
0x00007fff25da0000 - 0x00007fff25f65000 	C:\WINDOWS\System32\USER32.dll
0x00007fff255f0000 - 0x00007fff25617000 	C:\WINDOWS\System32\win32u.dll
0x00007fff27e40000 - 0x00007fff27e6b000 	C:\WINDOWS\System32\GDI32.dll
0x00007fff11750000 - 0x00007fff119e3000 	C:\WINDOWS\WinSxS\amd64_microsoft.windows.common-controls_6595b64144ccf1df_6.0.26100.8115_none_3e075c82e3354f9c\COMCTL32.dll
0x00007fff27910000 - 0x00007fff279b9000 	C:\WINDOWS\System32\msvcrt.dll
0x00007fff25ba0000 - 0x00007fff25ccb000 	C:\WINDOWS\System32\gdi32full.dll
0x00007fff254b0000 - 0x00007fff25553000 	C:\WINDOWS\System32\msvcp_win.dll
0x00007fff27e70000 - 0x00007fff27ea2000 	C:\WINDOWS\System32\IMM32.DLL
0x00007ffe96a50000 - 0x00007ffe96a5c000 	C:\Program Files\JetBrains\IntelliJ IDEA 2025.3.2\jbr\bin\vcruntime140_1.dll
0x00007ffef5e00000 - 0x00007ffef5e8d000 	C:\Program Files\JetBrains\IntelliJ IDEA 2025.3.2\jbr\bin\msvcp140.dll
0x00007ffe96a80000 - 0x00007ffe9784d000 	C:\Program Files\JetBrains\IntelliJ IDEA 2025.3.2\jbr\bin\server\jvm.dll
0x00007fff272d0000 - 0x00007fff27386000 	C:\WINDOWS\System32\ADVAPI32.dll
0x00007fff279c0000 - 0x00007fff27a67000 	C:\WINDOWS\System32\sechost.dll
0x00007fff277c0000 - 0x00007fff278d8000 	C:\WINDOWS\System32\RPCRT4.dll
0x00007fff27db0000 - 0x00007fff27e30000 	C:\WINDOWS\System32\WS2_32.dll
0x00007fff24670000 - 0x00007fff246ce000 	C:\WINDOWS\SYSTEM32\POWRPROF.dll
0x00007fff1c760000 - 0x00007fff1c76b000 	C:\WINDOWS\SYSTEM32\VERSION.dll
0x00007fff1c6d0000 - 0x00007fff1c706000 	C:\WINDOWS\SYSTEM32\WINMM.dll
0x00007fff24650000 - 0x00007fff24664000 	C:\WINDOWS\SYSTEM32\UMPDC.dll
0x00007fff235a0000 - 0x00007fff235bb000 	C:\WINDOWS\SYSTEM32\kernel.appcore.dll
0x00007ffe96a40000 - 0x00007ffe96a4a000 	C:\Program Files\JetBrains\IntelliJ IDEA 2025.3.2\jbr\bin\jimage.dll
0x00007fff229c0000 - 0x00007fff22c02000 	C:\WINDOWS\SYSTEM32\DBGHELP.DLL
0x00007fff25f70000 - 0x00007fff262f2000 	C:\WINDOWS\System32\combase.dll
0x00007fff276e0000 - 0x00007fff277b8000 	C:\WINDOWS\System32\OLEAUT32.dll
0x00007fff12f50000 - 0x00007fff12f8b000 	C:\WINDOWS\SYSTEM32\dbgcore.DLL
0x00007fff25340000 - 0x00007fff253e5000 	C:\WINDOWS\System32\bcryptPrimitives.dll
0x00007ffe96a20000 - 0x00007ffe96a40000 	C:\Program Files\JetBrains\IntelliJ IDEA 2025.3.2\jbr\bin\java.dll
0x00007fff26a00000 - 0x00007fff27167000 	C:\WINDOWS\System32\SHELL32.dll
0x00007fff25080000 - 0x00007fff251ea000 	C:\WINDOWS\System32\wintypes.dll
0x00007fff24810000 - 0x00007fff25078000 	C:\WINDOWS\System32\windows.storage.dll
0x00007fff27170000 - 0x00007fff27268000 	C:\WINDOWS\System32\SHCORE.dll
0x00007fff27590000 - 0x00007fff275f6000 	C:\WINDOWS\System32\shlwapi.dll
0x00007fff24730000 - 0x00007fff24759000 	C:\WINDOWS\SYSTEM32\profapi.dll
0x00007ffe969f0000 - 0x00007ffe96a00000 	C:\Program Files\JetBrains\IntelliJ IDEA 2025.3.2\jbr\bin\net.dll
0x00007fff1cc30000 - 0x00007fff1cd5d000 	C:\WINDOWS\SYSTEM32\WINHTTP.dll
0x00007fff23b10000 - 0x00007fff23b7c000 	C:\WINDOWS\system32\mswsock.dll
0x00007ffe969d0000 - 0x00007ffe969e6000 	C:\Program Files\JetBrains\IntelliJ IDEA 2025.3.2\jbr\bin\nio.dll
0x00007ffe96a00000 - 0x00007ffe96a18000 	C:\Program Files\JetBrains\IntelliJ IDEA 2025.3.2\jbr\bin\zip.dll
0x00007fff22f60000 - 0x00007fff22f92000 	C:\WINDOWS\SYSTEM32\IPHLPAPI.DLL
0x00007fff27580000 - 0x00007fff2758a000 	C:\WINDOWS\System32\NSI.dll
0x00007fff23df0000 - 0x00007fff23e0b000 	C:\WINDOWS\SYSTEM32\CRYPTSP.dll
0x00007fff23500000 - 0x00007fff23539000 	C:\WINDOWS\system32\rsaenh.dll
0x00007fff23bc0000 - 0x00007fff23bf3000 	C:\WINDOWS\SYSTEM32\USERENV.dll
0x00007fff24700000 - 0x00007fff2472a000 	C:\WINDOWS\SYSTEM32\bcrypt.dll
0x00007fff23e10000 - 0x00007fff23e1c000 	C:\WINDOWS\SYSTEM32\CRYPTBASE.dll
0x00007ffe94fb0000 - 0x00007ffe94fb9000 	C:\Program Files\JetBrains\IntelliJ IDEA 2025.3.2\jbr\bin\extnet.dll
0x00007fff01bb0000 - 0x00007fff01bb7000 	C:\Program Files\JetBrains\IntelliJ IDEA 2025.3.2\jbr\bin\rmi.dll
0x00007fff22ff0000 - 0x00007fff23122000 	C:\WINDOWS\SYSTEM32\DNSAPI.dll
0x00007fff1cf00000 - 0x00007fff1cf0b000 	C:\Windows\System32\rasadhlp.dll
0x00007fff18e10000 - 0x00007fff18e96000 	C:\WINDOWS\System32\fwpuclnt.dll
0x00007ffe94d70000 - 0x00007ffe94d79000 	C:\Program Files\JetBrains\IntelliJ IDEA 2025.3.2\jbr\bin\management.dll
0x00007ffe94d60000 - 0x00007ffe94d6b000 	C:\Program Files\JetBrains\IntelliJ IDEA 2025.3.2\jbr\bin\management_ext.dll
0x00007fff27da0000 - 0x00007fff27da8000 	C:\WINDOWS\System32\PSAPI.DLL

JVMTI agents: none

dbghelp: loaded successfully - version: 4.0.5 - missing functions: none
symbol engine: initialized successfully - sym options: 0x614 - pdb path: .;C:\Program Files\JetBrains\IntelliJ IDEA 2025.3.2\jbr\bin;C:\WINDOWS\SYSTEM32;C:\WINDOWS\WinSxS\amd64_microsoft.windows.common-controls_6595b64144ccf1df_6.0.26100.8115_none_3e075c82e3354f9c;C:\Program Files\JetBrains\IntelliJ IDEA 2025.3.2\jbr\bin\server

VM Arguments:
jvm_args: -Djava.rmi.server.hostname=127.0.0.1 -Duser.timezone=UTC -Xmx2048m -Xms128m --add-exports=java.desktop/sun.awt=ALL-UNNAMED --add-exports=java.desktop/java.awt.peer=ALL-UNNAMED --add-opens=java.desktop/java.awt=ALL-UNNAMED --add-opens=jdk.unsupported/sun.misc=ALL-UNNAMED --add-opens=java.base/java.nio=ALL-UNNAMED --add-opens=java.base/java.util=ALL-UNNAMED -Dfile.encoding=UTF-8 -Dsun.stdout.encoding=UTF-8 -Dsun.stderr.encoding=UTF-8 
java_command: com.intellij.database.remote.RemoteJdbcServer org.postgresql.Driver
java_class_path (initial): C:\Program Files\JetBrains\IntelliJ IDEA 2025.3.2\lib\util_rt.jar;C:\Program Files\JetBrains\IntelliJ IDEA 2025.3.2\lib\module-intellij.libraries.fastutil.jar;C:\Program Files\JetBrains\IntelliJ IDEA 2025.3.2\lib\groovy.jar;C:\Program Files\JetBrains\IntelliJ IDEA 2025.3.2\plugins\DatabaseTools\lib\modules\intellij.database.jdbcConsole.jar;C:\Program Files\JetBrains\IntelliJ IDEA 2025.3.2\lib\modules\intellij.grid.types.jar;C:\Program Files\JetBrains\IntelliJ IDEA 2025.3.2\lib\util.jar;C:\Program Files\JetBrains\IntelliJ IDEA 2025.3.2\lib\module-intellij.libraries.bouncy.castle.provider.jar
Launcher Type: SUN_STANDARD

[Global flags]
     intx CICompilerCount                          = 4                                         {product} {ergonomic}
     uint ConcGCThreads                            = 3                                         {product} {ergonomic}
     uint G1ConcRefinementThreads                  = 10                                        {product} {ergonomic}
   size_t G1HeapRegionSize                         = 1048576                                   {product} {ergonomic}
    uintx GCDrainStackTargetSize                   = 64                                        {product} {ergonomic}
   size_t InitialHeapSize                          = 134217728                                 {product} {command line}
   size_t MarkStackSize                            = 4194304                                   {product} {ergonomic}
   size_t MaxHeapSize                              = 2147483648                                {product} {command line}
   size_t MaxNewSize                               = 1287651328                                {product} {ergonomic}
   size_t MinHeapDeltaBytes                        = 1048576                                   {product} {ergonomic}
   size_t MinHeapSize                              = 134217728                                 {product} {command line}
    uintx NonNMethodCodeHeapSize                   = 5839372                                {pd product} {ergonomic}
    uintx NonProfiledCodeHeapSize                  = 122909434                              {pd product} {ergonomic}
    uintx ProfiledCodeHeapSize                     = 122909434                              {pd product} {ergonomic}
    uintx ReservedCodeCacheSize                    = 251658240                              {pd product} {ergonomic}
     bool SegmentedCodeCache                       = true                                      {product} {ergonomic}
   size_t SoftMaxHeapSize                          = 2147483648                             {manageable} {ergonomic}
     bool UseCompressedOops                        = true                           {product lp64_product} {ergonomic}
     bool UseG1GC                                  = true                                      {product} {ergonomic}
     bool UseLargePagesIndividualAllocation        = false                                  {pd product} {ergonomic}

Logging:
Log output configuration:
 #0: stdout all=warning uptime,level,tags foldmultilines=false
 #1: stderr all=off uptime,level,tags foldmultilines=false

Release file:
JAVA_VERSION="21.0.9" 
MODULES="java.base java.datatransfer java.xml java.prefs java.desktop gluegen.rt java.compiler java.instrument java.logging java.management java.security.sasl java.naming java.rmi java.management.rmi java.net.http java.scripting java.security.jgss java.transaction.xa java.sql java.sql.rowset java.xml.crypto java.se java.smartcardio jogl.all jcef jdk.accessibility jdk.internal.jvmstat jdk.attach jdk.charsets jdk.internal.opt jdk.zipfs jdk.compiler jdk.crypto.ec jdk.crypto.cryptoki jdk.crypto.mscapi jdk.dynalink jdk.hotspot.agent jdk.httpserver jdk.internal.ed jdk.internal.le jdk.internal.vm.ci jdk.javadoc jdk.jcmd jdk.jdwp.agent jdk.jdi jdk.jfr jdk.jsobject jdk.localedata jdk.management jdk.management.agent jdk.management.jfr jdk.naming.dns jdk.naming.rmi jdk.net jdk.sctp jdk.security.auth jdk.security.jgss jdk.unsupported jdk.unsupported.desktop jdk.xml.dom" 
IMPLEMENTOR="JetBrains s.r.o." 
IMPLEMENTOR_VERSION="JBR-21.0.9+1-1163.94-jcef" 
JAVA_RUNTIME_VERSION="21.0.9+1-b1163.94" 
LIBC="default" 
OS_ARCH="x86_64" 
OS_NAME="Windows" 
SOURCE=".:git:5d82c7fa6abe+ jcef_git:git:4a605f44671a" 
JCEF_VERSION="137.0.17.1087+g722a58e" 
JCEF_COMMIT_HASH="722a58ea148c6577a6b7e379036edec01083f004" 

Environment Variables:
PATH=C:\Program Files\Common Files\Oracle\Java\javapath;C:\WINDOWS\system32;C:\WINDOWS;C:\WINDOWS\System32\Wbem;C:\WINDOWS\System32\WindowsPowerShell\v1.0\;C:\WINDOWS\System32\OpenSSH\;C:\Program Files\Git\cmd;C:\Program Files\Docker\Docker\resources\bin;C:\Users\kirub\AppData\Local\nvm;C:\nvm4w\nodejs;C:\Users\kirub\scoop\shims;C:\Users\kirub\AppData\Local\Programs\Python\Launcher\;C:\Users\kirub\AppData\Local\Microsoft\WindowsApps;C:\Users\kirub\AppData\Local\Programs\Microsoft VS Code\bin;C:\Users\kirub\AppData\Local\Programs\Antigravity\bin;C:\Program Files\JetBrains\IntelliJ IDEA 2025.3.2\bin;C:\Users\kirub\AppData\Local\nvm;C:\nvm4w\nodejs
USERNAME=kirub
OS=Windows_NT
PROCESSOR_IDENTIFIER=AMD64 Family 25 Model 80 Stepping 0, AuthenticAMD
TMP=C:\Users\kirub\AppData\Local\Temp
TEMP=C:\Users\kirub\AppData\Local\Temp




Periodic native trim disabled

JNI global refs:
JNI global refs: 17, weak refs: 0

JNI global refs memory usage: 835, weak refs: 201

Process memory usage:
Resident Set Size: 8136K (0% of 6133184K total physical memory with 1067512K free physical memory)

OOME stack traces (most recent first):
Classloader memory used:
Loader bootstrap                                                                       : 3735K
Loader jdk.internal.loader.ClassLoaders$AppClassLoader                                 : 3123K
Loader com.intellij.database.remote.jdbc.impl.JdbcClassLoader$JdbcClassLoaderImpl      : 1763K
Loader jdk.internal.loader.ClassLoaders$PlatformClassLoader                            : 317K
Loader jdk.internal.reflect.DelegatingClassLoader                                      : 30368B

---------------  S Y S T E M  ---------------

OS:
 Windows 11 , 64 bit Build 26100 (10.0.26100.8246)
OS uptime: 0 days 7:09 hours
Hyper-V role detected

CPU: total 12 (initial active 12) (12 cores per cpu, 2 threads per core) family 25 model 80 stepping 0 microcode 0xa500014, cx8, cmov, fxsr, ht, mmx, 3dnowpref, sse, sse2, sse3, ssse3, sse4a, sse4.1, sse4.2, popcnt, lzcnt, tsc, tscinvbit, avx, avx2, aes, erms, clmul, bmi1, bmi2, adx, sha, fma, vzeroupper, clflush, clflushopt, hv, rdtscp, rdpid, fsrm, f16c, cet_ss
Processor Information for processor 0
  Max Mhz: 2301, Current Mhz: 1798, Mhz Limit: 2301
Processor Information for processor 1
  Max Mhz: 2301, Current Mhz: 1798, Mhz Limit: 2301
Processor Information for processor 2
  Max Mhz: 2301, Current Mhz: 1798, Mhz Limit: 2301
Processor Information for processor 3
  Max Mhz: 2301, Current Mhz: 1798, Mhz Limit: 2301
Processor Information for processor 4
  Max Mhz: 2301, Current Mhz: 1798, Mhz Limit: 2301
Processor Information for processor 5
  Max Mhz: 2301, Current Mhz: 1798, Mhz Limit: 2301
Processor Information for processor 6
  Max Mhz: 2301, Current Mhz: 1798, Mhz Limit: 2301
Processor Information for processor 7
  Max Mhz: 2301, Current Mhz: 1798, Mhz Limit: 2301
Processor Information for processor 8
  Max Mhz: 2301, Current Mhz: 2301, Mhz Limit: 2301
Processor Information for processor 9
  Max Mhz: 2301, Current Mhz: 1798, Mhz Limit: 2301
Processor Information for processor 10
  Max Mhz: 2301, Current Mhz: 1798, Mhz Limit: 2301
Processor Information for processor 11
  Max Mhz: 2301, Current Mhz: 1798, Mhz Limit: 2301

Memory: 4k page, system-wide physical 5989M (998M free)
TotalPageFile size 24421M (AvailPageFile size 0M)
current process WorkingSet (physical memory assigned to process): 17M, peak: 119M
current process commit charge ("private bytes"): 247M, peak: 273M

vm_info: OpenJDK 64-Bit Server VM (21.0.9+1-b1163.94) for windows-amd64 JRE (21.0.9+1-b1163.94), built on 2026-01-12 by "builduser" with MS VC++ 16.10 / 16.11 (VS2019)

END.
